[2026-05-05T13:06:29.627+0000] {local_task_job_runner.py:120} INFO - ::group::Pre task execution logs
[2026-05-05T13:06:29.655+0000] {taskinstance.py:2073} INFO - Dependencies all met for dep_context=non-requeueable deps ti=<TaskInstance: globalretail_etl_pipeline.load_to_mongo manual__2026-05-05T12:34:52+00:00 [queued]>
[2026-05-05T13:06:29.663+0000] {taskinstance.py:2073} INFO - Dependencies all met for dep_context=requeueable deps ti=<TaskInstance: globalretail_etl_pipeline.load_to_mongo manual__2026-05-05T12:34:52+00:00 [queued]>
[2026-05-05T13:06:29.663+0000] {taskinstance.py:2303} INFO - Starting attempt 2 of 2
[2026-05-05T13:06:29.677+0000] {taskinstance.py:2327} INFO - Executing <Task(PythonOperator): load_to_mongo> on 2026-05-05 12:34:52+00:00
[2026-05-05T13:06:29.688+0000] {standard_task_runner.py:90} INFO - Running: ['***', 'tasks', 'run', 'globalretail_etl_pipeline', 'load_to_mongo', 'manual__2026-05-05T12:34:52+00:00', '--job-id', '14', '--raw', '--subdir', 'DAGS_FOLDER/globalretail_etl_dag.py', '--cfg-path', '/tmp/tmppjxa3_6v']
[2026-05-05T13:06:29.692+0000] {logging_mixin.py:188} WARNING - /home/***/.local/lib/python3.12/site-packages/***/task/task_runner/standard_task_runner.py:61 DeprecationWarning: This process (pid=2219) is multi-threaded, use of fork() may lead to deadlocks in the child.
[2026-05-05T13:06:29.693+0000] {standard_task_runner.py:91} INFO - Job 14: Subtask load_to_mongo
[2026-05-05T13:06:29.693+0000] {standard_task_runner.py:63} INFO - Started process 2221 to run task
[2026-05-05T13:06:29.766+0000] {task_command.py:426} INFO - Running <TaskInstance: globalretail_etl_pipeline.load_to_mongo manual__2026-05-05T12:34:52+00:00 [running]> on host f4241225583d
[2026-05-05T13:06:29.861+0000] {taskinstance.py:2644} INFO - Exporting env vars: AIRFLOW_CTX_DAG_OWNER='data-engineering' AIRFLOW_CTX_DAG_ID='globalretail_etl_pipeline' AIRFLOW_CTX_TASK_ID='load_to_mongo' AIRFLOW_CTX_EXECUTION_DATE='2026-05-05T12:34:52+00:00' AIRFLOW_CTX_TRY_NUMBER='2' AIRFLOW_CTX_DAG_RUN_ID='manual__2026-05-05T12:34:52+00:00'
[2026-05-05T13:06:29.864+0000] {taskinstance.py:430} INFO - ::endgroup::
[2026-05-05T13:06:29.885+0000] {globalretail_etl_dag.py:338} INFO - ================================================================
[2026-05-05T13:06:29.885+0000] {globalretail_etl_dag.py:339} INFO - LOAD     started at 2026-05-05T13:06:29.885788
[2026-05-05T13:06:29.886+0000] {globalretail_etl_dag.py:340} INFO - ================================================================
[2026-05-05T13:06:31.479+0000] {globalretail_etl_dag.py:344} INFO - Records to load: 805549
[2026-05-05T13:06:42.868+0000] {globalretail_etl_dag.py:375} INFO - Indexes ensured.
[2026-05-05T13:06:45.643+0000] {globalretail_etl_dag.py:399} INFO - Batch 1/806 → inserted=0  skipped(dup)=1000
[2026-05-05T13:06:48.676+0000] {globalretail_etl_dag.py:399} INFO - Batch 2/806 → inserted=0  skipped(dup)=1000
[2026-05-05T13:06:51.699+0000] {globalretail_etl_dag.py:399} INFO - Batch 3/806 → inserted=0  skipped(dup)=1000
[2026-05-05T13:06:53.664+0000] {globalretail_etl_dag.py:399} INFO - Batch 4/806 → inserted=0  skipped(dup)=1000
[2026-05-05T13:06:54.589+0000] {globalretail_etl_dag.py:399} INFO - Batch 5/806 → inserted=0  skipped(dup)=1000
[2026-05-05T13:06:58.533+0000] {globalretail_etl_dag.py:399} INFO - Batch 6/806 → inserted=0  skipped(dup)=1000
[2026-05-05T13:07:01.487+0000] {globalretail_etl_dag.py:399} INFO - Batch 7/806 → inserted=0  skipped(dup)=1000
[2026-05-05T13:07:04.533+0000] {globalretail_etl_dag.py:399} INFO - Batch 8/806 → inserted=0  skipped(dup)=1000
[2026-05-05T13:07:07.538+0000] {globalretail_etl_dag.py:399} INFO - Batch 9/806 → inserted=0  skipped(dup)=1000
[2026-05-05T13:07:10.511+0000] {globalretail_etl_dag.py:399} INFO - Batch 10/806 → inserted=0  skipped(dup)=1000
[2026-05-05T13:07:13.617+0000] {globalretail_etl_dag.py:399} INFO - Batch 11/806 → inserted=0  skipped(dup)=1000
[2026-05-05T13:07:16.610+0000] {globalretail_etl_dag.py:399} INFO - Batch 12/806 → inserted=0  skipped(dup)=1000
[2026-05-05T13:07:19.642+0000] {globalretail_etl_dag.py:399} INFO - Batch 13/806 → inserted=0  skipped(dup)=1000
[2026-05-05T13:07:22.719+0000] {globalretail_etl_dag.py:399} INFO - Batch 14/806 → inserted=0  skipped(dup)=1000
[2026-05-05T13:07:25.591+0000] {globalretail_etl_dag.py:399} INFO - Batch 15/806 → inserted=0  skipped(dup)=1000
[2026-05-05T13:07:28.539+0000] {globalretail_etl_dag.py:399} INFO - Batch 16/806 → inserted=0  skipped(dup)=1000
[2026-05-05T13:07:31.525+0000] {globalretail_etl_dag.py:399} INFO - Batch 17/806 → inserted=0  skipped(dup)=1000
[2026-05-05T13:07:33.542+0000] {globalretail_etl_dag.py:399} INFO - Batch 18/806 → inserted=0  skipped(dup)=1000
[2026-05-05T13:07:34.459+0000] {globalretail_etl_dag.py:399} INFO - Batch 19/806 → inserted=0  skipped(dup)=1000
[2026-05-05T13:07:38.543+0000] {globalretail_etl_dag.py:399} INFO - Batch 20/806 → inserted=0  skipped(dup)=1000
[2026-05-05T13:07:41.626+0000] {globalretail_etl_dag.py:399} INFO - Batch 21/806 → inserted=0  skipped(dup)=1000
[2026-05-05T13:07:44.639+0000] {globalretail_etl_dag.py:399} INFO - Batch 22/806 → inserted=0  skipped(dup)=1000
[2026-05-05T13:07:47.661+0000] {globalretail_etl_dag.py:399} INFO - Batch 23/806 → inserted=0  skipped(dup)=1000
[2026-05-05T13:07:50.660+0000] {globalretail_etl_dag.py:399} INFO - Batch 24/806 → inserted=0  skipped(dup)=1000
[2026-05-05T13:07:53.690+0000] {globalretail_etl_dag.py:399} INFO - Batch 25/806 → inserted=0  skipped(dup)=1000
[2026-05-05T13:07:56.595+0000] {globalretail_etl_dag.py:399} INFO - Batch 26/806 → inserted=0  skipped(dup)=1000
[2026-05-05T13:07:59.566+0000] {globalretail_etl_dag.py:399} INFO - Batch 27/806 → inserted=0  skipped(dup)=1000
[2026-05-05T13:08:02.557+0000] {globalretail_etl_dag.py:399} INFO - Batch 28/806 → inserted=0  skipped(dup)=1000
[2026-05-05T13:08:05.589+0000] {globalretail_etl_dag.py:399} INFO - Batch 29/806 → inserted=0  skipped(dup)=1000
[2026-05-05T13:08:08.702+0000] {globalretail_etl_dag.py:399} INFO - Batch 30/806 → inserted=0  skipped(dup)=1000
[2026-05-05T13:08:10.661+0000] {globalretail_etl_dag.py:399} INFO - Batch 31/806 → inserted=0  skipped(dup)=1000
[2026-05-05T13:08:11.631+0000] {globalretail_etl_dag.py:399} INFO - Batch 32/806 → inserted=0  skipped(dup)=1000
[2026-05-05T13:08:12.625+0000] {globalretail_etl_dag.py:399} INFO - Batch 33/806 → inserted=0  skipped(dup)=1000
[2026-05-05T13:08:13.652+0000] {globalretail_etl_dag.py:399} INFO - Batch 34/806 → inserted=0  skipped(dup)=1000
[2026-05-05T13:08:17.702+0000] {globalretail_etl_dag.py:399} INFO - Batch 35/806 → inserted=0  skipped(dup)=1000
[2026-05-05T13:08:20.898+0000] {globalretail_etl_dag.py:399} INFO - Batch 36/806 → inserted=0  skipped(dup)=1000
[2026-05-05T13:08:23.659+0000] {globalretail_etl_dag.py:399} INFO - Batch 37/806 → inserted=0  skipped(dup)=1000
[2026-05-05T13:08:26.583+0000] {globalretail_etl_dag.py:399} INFO - Batch 38/806 → inserted=0  skipped(dup)=1000
[2026-05-05T13:08:29.541+0000] {globalretail_etl_dag.py:399} INFO - Batch 39/806 → inserted=0  skipped(dup)=1000
[2026-05-05T13:08:32.546+0000] {globalretail_etl_dag.py:399} INFO - Batch 40/806 → inserted=0  skipped(dup)=1000
[2026-05-05T13:08:35.576+0000] {globalretail_etl_dag.py:399} INFO - Batch 41/806 → inserted=0  skipped(dup)=1000
[2026-05-05T13:08:38.651+0000] {globalretail_etl_dag.py:399} INFO - Batch 42/806 → inserted=0  skipped(dup)=1000
[2026-05-05T13:08:41.667+0000] {globalretail_etl_dag.py:399} INFO - Batch 43/806 → inserted=0  skipped(dup)=1000
[2026-05-05T13:08:44.737+0000] {globalretail_etl_dag.py:399} INFO - Batch 44/806 → inserted=0  skipped(dup)=1000
[2026-05-05T13:08:47.770+0000] {globalretail_etl_dag.py:399} INFO - Batch 45/806 → inserted=0  skipped(dup)=1000
[2026-05-05T13:08:50.831+0000] {globalretail_etl_dag.py:399} INFO - Batch 46/806 → inserted=0  skipped(dup)=1000
[2026-05-05T13:08:53.681+0000] {globalretail_etl_dag.py:399} INFO - Batch 47/806 → inserted=0  skipped(dup)=1000
[2026-05-05T13:08:56.611+0000] {globalretail_etl_dag.py:399} INFO - Batch 48/806 → inserted=0  skipped(dup)=1000
[2026-05-05T13:08:59.648+0000] {globalretail_etl_dag.py:399} INFO - Batch 49/806 → inserted=0  skipped(dup)=1000
[2026-05-05T13:09:02.649+0000] {globalretail_etl_dag.py:399} INFO - Batch 50/806 → inserted=0  skipped(dup)=1000
[2026-05-05T13:09:05.607+0000] {globalretail_etl_dag.py:399} INFO - Batch 51/806 → inserted=0  skipped(dup)=1000
[2026-05-05T13:09:07.603+0000] {globalretail_etl_dag.py:399} INFO - Batch 52/806 → inserted=0  skipped(dup)=1000
[2026-05-05T13:09:08.626+0000] {globalretail_etl_dag.py:399} INFO - Batch 53/806 → inserted=0  skipped(dup)=1000
[2026-05-05T13:09:09.625+0000] {globalretail_etl_dag.py:399} INFO - Batch 54/806 → inserted=0  skipped(dup)=1000
[2026-05-05T13:09:10.657+0000] {globalretail_etl_dag.py:399} INFO - Batch 55/806 → inserted=0  skipped(dup)=1000
[2026-05-05T13:09:11.643+0000] {globalretail_etl_dag.py:399} INFO - Batch 56/806 → inserted=0  skipped(dup)=1000
[2026-05-05T13:09:15.695+0000] {globalretail_etl_dag.py:399} INFO - Batch 57/806 → inserted=0  skipped(dup)=1000
[2026-05-05T13:09:18.738+0000] {globalretail_etl_dag.py:399} INFO - Batch 58/806 → inserted=0  skipped(dup)=1000
[2026-05-05T13:09:21.786+0000] {globalretail_etl_dag.py:399} INFO - Batch 59/806 → inserted=0  skipped(dup)=1000
[2026-05-05T13:09:22.734+0000] {globalretail_etl_dag.py:399} INFO - Batch 60/806 → inserted=0  skipped(dup)=1000
[2026-05-05T13:09:23.698+0000] {globalretail_etl_dag.py:399} INFO - Batch 61/806 → inserted=0  skipped(dup)=1000
[2026-05-05T13:09:24.663+0000] {globalretail_etl_dag.py:399} INFO - Batch 62/806 → inserted=0  skipped(dup)=1000
[2026-05-05T13:09:25.642+0000] {globalretail_etl_dag.py:399} INFO - Batch 63/806 → inserted=0  skipped(dup)=1000
[2026-05-05T13:09:29.601+0000] {globalretail_etl_dag.py:399} INFO - Batch 64/806 → inserted=0  skipped(dup)=1000
[2026-05-05T13:09:32.595+0000] {globalretail_etl_dag.py:399} INFO - Batch 65/806 → inserted=0  skipped(dup)=1000
[2026-05-05T13:09:35.761+0000] {globalretail_etl_dag.py:399} INFO - Batch 66/806 → inserted=0  skipped(dup)=1000
[2026-05-05T13:09:38.644+0000] {globalretail_etl_dag.py:399} INFO - Batch 67/806 → inserted=0  skipped(dup)=1000
[2026-05-05T13:09:41.676+0000] {globalretail_etl_dag.py:399} INFO - Batch 68/806 → inserted=0  skipped(dup)=1000
[2026-05-05T13:09:43.703+0000] {globalretail_etl_dag.py:399} INFO - Batch 69/806 → inserted=0  skipped(dup)=1000
[2026-05-05T13:09:46.824+0000] {globalretail_etl_dag.py:399} INFO - Batch 70/806 → inserted=0  skipped(dup)=1000
[2026-05-05T13:09:47.763+0000] {globalretail_etl_dag.py:399} INFO - Batch 71/806 → inserted=0  skipped(dup)=1000
[2026-05-05T13:09:50.821+0000] {globalretail_etl_dag.py:399} INFO - Batch 72/806 → inserted=0  skipped(dup)=1000
[2026-05-05T13:09:53.712+0000] {globalretail_etl_dag.py:399} INFO - Batch 73/806 → inserted=0  skipped(dup)=1000
[2026-05-05T13:09:56.640+0000] {globalretail_etl_dag.py:399} INFO - Batch 74/806 → inserted=0  skipped(dup)=1000
[2026-05-05T13:09:59.700+0000] {globalretail_etl_dag.py:399} INFO - Batch 75/806 → inserted=0  skipped(dup)=1000
[2026-05-05T13:10:02.620+0000] {globalretail_etl_dag.py:399} INFO - Batch 76/806 → inserted=0  skipped(dup)=1000
[2026-05-05T13:10:05.644+0000] {globalretail_etl_dag.py:399} INFO - Batch 77/806 → inserted=0  skipped(dup)=1000
[2026-05-05T13:10:08.667+0000] {globalretail_etl_dag.py:399} INFO - Batch 78/806 → inserted=0  skipped(dup)=1000
[2026-05-05T13:10:09.681+0000] {globalretail_etl_dag.py:399} INFO - Batch 79/806 → inserted=0  skipped(dup)=1000
[2026-05-05T13:10:10.695+0000] {globalretail_etl_dag.py:399} INFO - Batch 80/806 → inserted=0  skipped(dup)=1000
[2026-05-05T13:10:11.710+0000] {globalretail_etl_dag.py:399} INFO - Batch 81/806 → inserted=0  skipped(dup)=1000
[2026-05-05T13:10:15.780+0000] {globalretail_etl_dag.py:399} INFO - Batch 82/806 → inserted=0  skipped(dup)=1000
[2026-05-05T13:10:18.816+0000] {globalretail_etl_dag.py:399} INFO - Batch 83/806 → inserted=0  skipped(dup)=1000
[2026-05-05T13:10:21.853+0000] {globalretail_etl_dag.py:399} INFO - Batch 84/806 → inserted=0  skipped(dup)=1000
[2026-05-05T13:10:22.762+0000] {globalretail_etl_dag.py:399} INFO - Batch 85/806 → inserted=0  skipped(dup)=1000
[2026-05-05T13:10:25.731+0000] {globalretail_etl_dag.py:399} INFO - Batch 86/806 → inserted=0  skipped(dup)=1000
[2026-05-05T13:10:28.650+0000] {globalretail_etl_dag.py:399} INFO - Batch 87/806 → inserted=0  skipped(dup)=1000
[2026-05-05T13:10:31.633+0000] {globalretail_etl_dag.py:399} INFO - Batch 88/806 → inserted=0  skipped(dup)=1000
[2026-05-05T13:10:34.660+0000] {globalretail_etl_dag.py:399} INFO - Batch 89/806 → inserted=0  skipped(dup)=1000
[2026-05-05T13:10:37.703+0000] {globalretail_etl_dag.py:399} INFO - Batch 90/806 → inserted=0  skipped(dup)=1000
[2026-05-05T13:10:40.717+0000] {globalretail_etl_dag.py:399} INFO - Batch 91/806 → inserted=0  skipped(dup)=1000
[2026-05-05T13:10:43.764+0000] {globalretail_etl_dag.py:399} INFO - Batch 92/806 → inserted=0  skipped(dup)=1000
[2026-05-05T13:10:46.837+0000] {globalretail_etl_dag.py:399} INFO - Batch 93/806 → inserted=0  skipped(dup)=1000
[2026-05-05T13:10:49.871+0000] {globalretail_etl_dag.py:399} INFO - Batch 94/806 → inserted=0  skipped(dup)=1000
[2026-05-05T13:10:52.786+0000] {globalretail_etl_dag.py:399} INFO - Batch 95/806 → inserted=0  skipped(dup)=1000
[2026-05-05T13:10:55.698+0000] {globalretail_etl_dag.py:399} INFO - Batch 96/806 → inserted=0  skipped(dup)=1000
[2026-05-05T13:10:58.703+0000] {globalretail_etl_dag.py:399} INFO - Batch 97/806 → inserted=0  skipped(dup)=1000
[2026-05-05T13:11:01.663+0000] {globalretail_etl_dag.py:399} INFO - Batch 98/806 → inserted=0  skipped(dup)=1000
[2026-05-05T13:11:04.689+0000] {globalretail_etl_dag.py:399} INFO - Batch 99/806 → inserted=0  skipped(dup)=1000
[2026-05-05T13:11:07.795+0000] {globalretail_etl_dag.py:399} INFO - Batch 100/806 → inserted=0  skipped(dup)=1000
[2026-05-05T13:11:10.811+0000] {globalretail_etl_dag.py:399} INFO - Batch 101/806 → inserted=0  skipped(dup)=1000
[2026-05-05T13:11:13.761+0000] {globalretail_etl_dag.py:399} INFO - Batch 102/806 → inserted=0  skipped(dup)=1000
[2026-05-05T13:11:15.789+0000] {globalretail_etl_dag.py:399} INFO - Batch 103/806 → inserted=0  skipped(dup)=1000
[2026-05-05T13:11:16.835+0000] {globalretail_etl_dag.py:399} INFO - Batch 104/806 → inserted=0  skipped(dup)=1000
[2026-05-05T13:11:20.926+0000] {globalretail_etl_dag.py:399} INFO - Batch 105/806 → inserted=0  skipped(dup)=1000
[2026-05-05T13:11:23.779+0000] {globalretail_etl_dag.py:399} INFO - Batch 106/806 → inserted=0  skipped(dup)=1000
[2026-05-05T13:11:26.709+0000] {globalretail_etl_dag.py:399} INFO - Batch 107/806 → inserted=0  skipped(dup)=1000
[2026-05-05T13:11:28.685+0000] {globalretail_etl_dag.py:399} INFO - Batch 108/806 → inserted=0  skipped(dup)=1000
[2026-05-05T13:11:29.690+0000] {globalretail_etl_dag.py:399} INFO - Batch 109/806 → inserted=0  skipped(dup)=1000
[2026-05-05T13:11:30.682+0000] {globalretail_etl_dag.py:399} INFO - Batch 110/806 → inserted=0  skipped(dup)=1000
[2026-05-05T13:11:31.736+0000] {globalretail_etl_dag.py:399} INFO - Batch 111/806 → inserted=0  skipped(dup)=1000
[2026-05-05T13:11:32.702+0000] {globalretail_etl_dag.py:399} INFO - Batch 112/806 → inserted=0  skipped(dup)=1000
[2026-05-05T13:11:33.688+0000] {globalretail_etl_dag.py:399} INFO - Batch 113/806 → inserted=0  skipped(dup)=1000
[2026-05-05T13:11:34.689+0000] {globalretail_etl_dag.py:399} INFO - Batch 114/806 → inserted=0  skipped(dup)=1000
[2026-05-05T13:11:35.698+0000] {globalretail_etl_dag.py:399} INFO - Batch 115/806 → inserted=0  skipped(dup)=1000
[2026-05-05T13:11:39.744+0000] {globalretail_etl_dag.py:399} INFO - Batch 116/806 → inserted=0  skipped(dup)=1000
[2026-05-05T13:11:42.794+0000] {globalretail_etl_dag.py:399} INFO - Batch 117/806 → inserted=0  skipped(dup)=1000
[2026-05-05T13:11:45.811+0000] {globalretail_etl_dag.py:399} INFO - Batch 118/806 → inserted=0  skipped(dup)=1000
[2026-05-05T13:11:48.870+0000] {globalretail_etl_dag.py:399} INFO - Batch 119/806 → inserted=0  skipped(dup)=1000
[2026-05-05T13:11:51.898+0000] {globalretail_etl_dag.py:399} INFO - Batch 120/806 → inserted=0  skipped(dup)=1000
[2026-05-05T13:11:54.786+0000] {globalretail_etl_dag.py:399} INFO - Batch 121/806 → inserted=0  skipped(dup)=1000
[2026-05-05T13:11:57.716+0000] {globalretail_etl_dag.py:399} INFO - Batch 122/806 → inserted=0  skipped(dup)=1000
[2026-05-05T13:12:00.704+0000] {globalretail_etl_dag.py:399} INFO - Batch 123/806 → inserted=0  skipped(dup)=1000
[2026-05-05T13:12:03.725+0000] {globalretail_etl_dag.py:399} INFO - Batch 124/806 → inserted=0  skipped(dup)=1000
[2026-05-05T13:12:06.732+0000] {globalretail_etl_dag.py:399} INFO - Batch 125/806 → inserted=0  skipped(dup)=1000
[2026-05-05T13:12:09.799+0000] {globalretail_etl_dag.py:399} INFO - Batch 126/806 → inserted=0  skipped(dup)=1000
[2026-05-05T13:12:12.811+0000] {globalretail_etl_dag.py:399} INFO - Batch 127/806 → inserted=0  skipped(dup)=1000
[2026-05-05T13:12:15.854+0000] {globalretail_etl_dag.py:399} INFO - Batch 128/806 → inserted=0  skipped(dup)=1000
[2026-05-05T13:12:18.933+0000] {globalretail_etl_dag.py:399} INFO - Batch 129/806 → inserted=0  skipped(dup)=1000
[2026-05-05T13:12:21.977+0000] {globalretail_etl_dag.py:399} INFO - Batch 130/806 → inserted=0  skipped(dup)=1000
[2026-05-05T13:12:24.758+0000] {globalretail_etl_dag.py:399} INFO - Batch 131/806 → inserted=0  skipped(dup)=1000
[2026-05-05T13:12:27.722+0000] {globalretail_etl_dag.py:399} INFO - Batch 132/806 → inserted=0  skipped(dup)=1000
[2026-05-05T13:12:30.755+0000] {globalretail_etl_dag.py:399} INFO - Batch 133/806 → inserted=0  skipped(dup)=1000
[2026-05-05T13:12:33.736+0000] {globalretail_etl_dag.py:399} INFO - Batch 134/806 → inserted=0  skipped(dup)=1000
[2026-05-05T13:12:36.759+0000] {globalretail_etl_dag.py:399} INFO - Batch 135/806 → inserted=0  skipped(dup)=1000
[2026-05-05T13:12:39.793+0000] {globalretail_etl_dag.py:399} INFO - Batch 136/806 → inserted=0  skipped(dup)=1000
[2026-05-05T13:12:42.836+0000] {globalretail_etl_dag.py:399} INFO - Batch 137/806 → inserted=0  skipped(dup)=1000
[2026-05-05T13:12:45.874+0000] {globalretail_etl_dag.py:399} INFO - Batch 138/806 → inserted=0  skipped(dup)=1000
[2026-05-05T13:12:49.481+0000] {globalretail_etl_dag.py:399} INFO - Batch 139/806 → inserted=0  skipped(dup)=1000
[2026-05-05T13:12:51.848+0000] {globalretail_etl_dag.py:399} INFO - Batch 140/806 → inserted=0  skipped(dup)=1000
[2026-05-05T13:12:54.784+0000] {globalretail_etl_dag.py:399} INFO - Batch 141/806 → inserted=0  skipped(dup)=1000
[2026-05-05T13:12:57.774+0000] {globalretail_etl_dag.py:399} INFO - Batch 142/806 → inserted=0  skipped(dup)=1000
[2026-05-05T13:13:00.782+0000] {globalretail_etl_dag.py:399} INFO - Batch 143/806 → inserted=0  skipped(dup)=1000
[2026-05-05T13:13:04.008+0000] {globalretail_etl_dag.py:399} INFO - Batch 144/806 → inserted=0  skipped(dup)=1000
[2026-05-05T13:13:06.826+0000] {globalretail_etl_dag.py:399} INFO - Batch 145/806 → inserted=0  skipped(dup)=1000
[2026-05-05T13:13:09.836+0000] {globalretail_etl_dag.py:399} INFO - Batch 146/806 → inserted=0  skipped(dup)=1000
[2026-05-05T13:13:10.951+0000] {globalretail_etl_dag.py:399} INFO - Batch 147/806 → inserted=0  skipped(dup)=1000
[2026-05-05T13:13:11.950+0000] {globalretail_etl_dag.py:399} INFO - Batch 148/806 → inserted=0  skipped(dup)=1000
[2026-05-05T13:13:12.915+0000] {globalretail_etl_dag.py:399} INFO - Batch 149/806 → inserted=0  skipped(dup)=1000
[2026-05-05T13:13:13.874+0000] {globalretail_etl_dag.py:399} INFO - Batch 150/806 → inserted=0  skipped(dup)=1000
[2026-05-05T13:13:14.889+0000] {globalretail_etl_dag.py:399} INFO - Batch 151/806 → inserted=0  skipped(dup)=1000
[2026-05-05T13:13:15.948+0000] {globalretail_etl_dag.py:399} INFO - Batch 152/806 → inserted=0  skipped(dup)=1000
[2026-05-05T13:13:16.927+0000] {globalretail_etl_dag.py:399} INFO - Batch 153/806 → inserted=0  skipped(dup)=1000
[2026-05-05T13:13:17.955+0000] {globalretail_etl_dag.py:399} INFO - Batch 154/806 → inserted=0  skipped(dup)=1000
[2026-05-05T13:13:18.951+0000] {globalretail_etl_dag.py:399} INFO - Batch 155/806 → inserted=0  skipped(dup)=1000
[2026-05-05T13:13:22.873+0000] {globalretail_etl_dag.py:399} INFO - Batch 156/806 → inserted=0  skipped(dup)=1000
[2026-05-05T13:13:25.811+0000] {globalretail_etl_dag.py:399} INFO - Batch 157/806 → inserted=0  skipped(dup)=1000
[2026-05-05T13:13:28.811+0000] {globalretail_etl_dag.py:399} INFO - Batch 158/806 → inserted=0  skipped(dup)=1000
[2026-05-05T13:13:30.821+0000] {globalretail_etl_dag.py:399} INFO - Batch 159/806 → inserted=0  skipped(dup)=1000
[2026-05-05T13:13:31.789+0000] {globalretail_etl_dag.py:399} INFO - Batch 160/806 → inserted=0  skipped(dup)=1000
[2026-05-05T13:13:35.856+0000] {globalretail_etl_dag.py:399} INFO - Batch 161/806 → inserted=0  skipped(dup)=1000
[2026-05-05T13:13:39.569+0000] {globalretail_etl_dag.py:399} INFO - Batch 162/806 → inserted=982  skipped(dup)=18
[2026-05-05T13:13:42.426+0000] {globalretail_etl_dag.py:399} INFO - Batch 163/806 → inserted=982  skipped(dup)=18
[2026-05-05T13:13:43.468+0000] {globalretail_etl_dag.py:399} INFO - Batch 164/806 → inserted=985  skipped(dup)=15
[2026-05-05T13:13:44.447+0000] {globalretail_etl_dag.py:399} INFO - Batch 165/806 → inserted=983  skipped(dup)=17
[2026-05-05T13:13:45.557+0000] {globalretail_etl_dag.py:399} INFO - Batch 166/806 → inserted=983  skipped(dup)=17
[2026-05-05T13:13:49.596+0000] {globalretail_etl_dag.py:399} INFO - Batch 167/806 → inserted=984  skipped(dup)=16
[2026-05-05T13:13:52.534+0000] {globalretail_etl_dag.py:399} INFO - Batch 168/806 → inserted=997  skipped(dup)=3
[2026-05-05T13:13:55.370+0000] {globalretail_etl_dag.py:399} INFO - Batch 169/806 → inserted=956  skipped(dup)=44
[2026-05-05T13:13:58.405+0000] {globalretail_etl_dag.py:399} INFO - Batch 170/806 → inserted=988  skipped(dup)=12
[2026-05-05T13:14:01.294+0000] {globalretail_etl_dag.py:399} INFO - Batch 171/806 → inserted=964  skipped(dup)=36
[2026-05-05T13:14:04.348+0000] {globalretail_etl_dag.py:399} INFO - Batch 172/806 → inserted=985  skipped(dup)=15
[2026-05-05T13:14:07.583+0000] {globalretail_etl_dag.py:399} INFO - Batch 173/806 → inserted=983  skipped(dup)=17
[2026-05-05T13:14:10.748+0000] {globalretail_etl_dag.py:399} INFO - Batch 174/806 → inserted=974  skipped(dup)=26
[2026-05-05T13:14:15.074+0000] {globalretail_etl_dag.py:399} INFO - Batch 175/806 → inserted=980  skipped(dup)=20
[2026-05-05T13:14:19.269+0000] {globalretail_etl_dag.py:399} INFO - Batch 176/806 → inserted=985  skipped(dup)=15
[2026-05-05T13:14:22.226+0000] {globalretail_etl_dag.py:399} INFO - Batch 177/806 → inserted=963  skipped(dup)=37
[2026-05-05T13:14:26.323+0000] {globalretail_etl_dag.py:399} INFO - Batch 178/806 → inserted=981  skipped(dup)=19
[2026-05-05T13:14:30.240+0000] {globalretail_etl_dag.py:399} INFO - Batch 179/806 → inserted=981  skipped(dup)=19
[2026-05-05T13:14:33.436+0000] {globalretail_etl_dag.py:399} INFO - Batch 180/806 → inserted=975  skipped(dup)=25
[2026-05-05T13:14:37.680+0000] {globalretail_etl_dag.py:399} INFO - Batch 181/806 → inserted=994  skipped(dup)=6
[2026-05-05T13:14:41.525+0000] {globalretail_etl_dag.py:399} INFO - Batch 182/806 → inserted=987  skipped(dup)=13
[2026-05-05T13:14:44.864+0000] {globalretail_etl_dag.py:399} INFO - Batch 183/806 → inserted=992  skipped(dup)=8
[2026-05-05T13:14:48.958+0000] {globalretail_etl_dag.py:399} INFO - Batch 184/806 → inserted=978  skipped(dup)=22
[2026-05-05T13:14:53.107+0000] {globalretail_etl_dag.py:399} INFO - Batch 185/806 → inserted=992  skipped(dup)=8
[2026-05-05T13:14:56.990+0000] {globalretail_etl_dag.py:399} INFO - Batch 186/806 → inserted=992  skipped(dup)=8
[2026-05-05T13:14:59.934+0000] {globalretail_etl_dag.py:399} INFO - Batch 187/806 → inserted=980  skipped(dup)=20
[2026-05-05T13:15:02.976+0000] {globalretail_etl_dag.py:399} INFO - Batch 188/806 → inserted=996  skipped(dup)=4
[2026-05-05T13:15:06.050+0000] {globalretail_etl_dag.py:399} INFO - Batch 189/806 → inserted=992  skipped(dup)=8
[2026-05-05T13:15:09.187+0000] {globalretail_etl_dag.py:399} INFO - Batch 190/806 → inserted=990  skipped(dup)=10
[2026-05-05T13:15:13.163+0000] {globalretail_etl_dag.py:399} INFO - Batch 191/806 → inserted=978  skipped(dup)=22
[2026-05-05T13:15:16.331+0000] {globalretail_etl_dag.py:399} INFO - Batch 192/806 → inserted=995  skipped(dup)=5
[2026-05-05T13:15:19.636+0000] {globalretail_etl_dag.py:399} INFO - Batch 193/806 → inserted=993  skipped(dup)=7
[2026-05-05T13:15:23.246+0000] {globalretail_etl_dag.py:399} INFO - Batch 194/806 → inserted=990  skipped(dup)=10
[2026-05-05T13:15:26.641+0000] {globalretail_etl_dag.py:399} INFO - Batch 195/806 → inserted=991  skipped(dup)=9
[2026-05-05T13:15:30.651+0000] {globalretail_etl_dag.py:399} INFO - Batch 196/806 → inserted=995  skipped(dup)=5
[2026-05-05T13:15:33.584+0000] {globalretail_etl_dag.py:399} INFO - Batch 197/806 → inserted=985  skipped(dup)=15
[2026-05-05T13:15:36.946+0000] {globalretail_etl_dag.py:399} INFO - Batch 198/806 → inserted=983  skipped(dup)=17
[2026-05-05T13:15:41.191+0000] {globalretail_etl_dag.py:399} INFO - Batch 199/806 → inserted=969  skipped(dup)=31
[2026-05-05T13:15:45.171+0000] {globalretail_etl_dag.py:399} INFO - Batch 200/806 → inserted=987  skipped(dup)=13
[2026-05-05T13:15:48.262+0000] {globalretail_etl_dag.py:399} INFO - Batch 201/806 → inserted=995  skipped(dup)=5
[2026-05-05T13:15:51.269+0000] {globalretail_etl_dag.py:399} INFO - Batch 202/806 → inserted=995  skipped(dup)=5
[2026-05-05T13:15:56.298+0000] {globalretail_etl_dag.py:399} INFO - Batch 203/806 → inserted=996  skipped(dup)=4
[2026-05-05T13:16:01.149+0000] {globalretail_etl_dag.py:399} INFO - Batch 204/806 → inserted=985  skipped(dup)=15
[2026-05-05T13:16:07.082+0000] {globalretail_etl_dag.py:399} INFO - Batch 205/806 → inserted=982  skipped(dup)=18
[2026-05-05T13:16:11.165+0000] {globalretail_etl_dag.py:399} INFO - Batch 206/806 → inserted=986  skipped(dup)=14
[2026-05-05T13:16:15.096+0000] {globalretail_etl_dag.py:399} INFO - Batch 207/806 → inserted=991  skipped(dup)=9
[2026-05-05T13:16:18.175+0000] {globalretail_etl_dag.py:399} INFO - Batch 208/806 → inserted=975  skipped(dup)=25
[2026-05-05T13:16:21.222+0000] {globalretail_etl_dag.py:399} INFO - Batch 209/806 → inserted=969  skipped(dup)=31
[2026-05-05T13:16:25.094+0000] {globalretail_etl_dag.py:399} INFO - Batch 210/806 → inserted=985  skipped(dup)=15
[2026-05-05T13:16:28.145+0000] {globalretail_etl_dag.py:399} INFO - Batch 211/806 → inserted=988  skipped(dup)=12
[2026-05-05T13:16:32.154+0000] {globalretail_etl_dag.py:399} INFO - Batch 212/806 → inserted=998  skipped(dup)=2
[2026-05-05T13:16:36.207+0000] {globalretail_etl_dag.py:399} INFO - Batch 213/806 → inserted=983  skipped(dup)=17
[2026-05-05T13:16:40.934+0000] {globalretail_etl_dag.py:399} INFO - Batch 214/806 → inserted=995  skipped(dup)=5
[2026-05-05T13:16:44.925+0000] {globalretail_etl_dag.py:399} INFO - Batch 215/806 → inserted=985  skipped(dup)=15
[2026-05-05T13:16:47.952+0000] {globalretail_etl_dag.py:399} INFO - Batch 216/806 → inserted=984  skipped(dup)=16
[2026-05-05T13:16:50.995+0000] {globalretail_etl_dag.py:399} INFO - Batch 217/806 → inserted=969  skipped(dup)=31
[2026-05-05T13:16:53.075+0000] {globalretail_etl_dag.py:399} INFO - Batch 218/806 → inserted=989  skipped(dup)=11
[2026-05-05T13:16:54.978+0000] {globalretail_etl_dag.py:399} INFO - Batch 219/806 → inserted=988  skipped(dup)=12
[2026-05-05T13:16:56.976+0000] {globalretail_etl_dag.py:399} INFO - Batch 220/806 → inserted=996  skipped(dup)=4
[2026-05-05T13:16:59.219+0000] {globalretail_etl_dag.py:399} INFO - Batch 221/806 → inserted=983  skipped(dup)=17
[2026-05-05T13:17:00.927+0000] {globalretail_etl_dag.py:399} INFO - Batch 222/806 → inserted=973  skipped(dup)=27
[2026-05-05T13:17:03.069+0000] {globalretail_etl_dag.py:399} INFO - Batch 223/806 → inserted=987  skipped(dup)=13
[2026-05-05T13:17:05.076+0000] {globalretail_etl_dag.py:399} INFO - Batch 224/806 → inserted=986  skipped(dup)=14
[2026-05-05T13:17:07.259+0000] {globalretail_etl_dag.py:399} INFO - Batch 225/806 → inserted=991  skipped(dup)=9
[2026-05-05T13:17:10.993+0000] {globalretail_etl_dag.py:399} INFO - Batch 226/806 → inserted=992  skipped(dup)=8
[2026-05-05T13:17:14.061+0000] {globalretail_etl_dag.py:399} INFO - Batch 227/806 → inserted=972  skipped(dup)=28
[2026-05-05T13:17:18.324+0000] {globalretail_etl_dag.py:399} INFO - Batch 228/806 → inserted=988  skipped(dup)=12
[2026-05-05T13:17:22.248+0000] {globalretail_etl_dag.py:399} INFO - Batch 229/806 → inserted=972  skipped(dup)=28
[2026-05-05T13:17:26.242+0000] {globalretail_etl_dag.py:399} INFO - Batch 230/806 → inserted=995  skipped(dup)=5
[2026-05-05T13:17:30.246+0000] {globalretail_etl_dag.py:399} INFO - Batch 231/806 → inserted=981  skipped(dup)=19
[2026-05-05T13:17:34.323+0000] {globalretail_etl_dag.py:399} INFO - Batch 232/806 → inserted=981  skipped(dup)=19
[2026-05-05T13:17:38.457+0000] {globalretail_etl_dag.py:399} INFO - Batch 233/806 → inserted=977  skipped(dup)=23
[2026-05-05T13:17:42.423+0000] {globalretail_etl_dag.py:399} INFO - Batch 234/806 → inserted=978  skipped(dup)=22
[2026-05-05T13:17:45.599+0000] {globalretail_etl_dag.py:399} INFO - Batch 235/806 → inserted=962  skipped(dup)=38
[2026-05-05T13:17:49.551+0000] {globalretail_etl_dag.py:399} INFO - Batch 236/806 → inserted=992  skipped(dup)=8
[2026-05-05T13:17:52.352+0000] {globalretail_etl_dag.py:399} INFO - Batch 237/806 → inserted=994  skipped(dup)=6
[2026-05-05T13:17:55.403+0000] {globalretail_etl_dag.py:399} INFO - Batch 238/806 → inserted=983  skipped(dup)=17
[2026-05-05T13:17:58.149+0000] {globalretail_etl_dag.py:399} INFO - Batch 239/806 → inserted=992  skipped(dup)=8
[2026-05-05T13:18:01.529+0000] {globalretail_etl_dag.py:399} INFO - Batch 240/806 → inserted=997  skipped(dup)=3
[2026-05-05T13:18:05.348+0000] {globalretail_etl_dag.py:399} INFO - Batch 241/806 → inserted=988  skipped(dup)=12
[2026-05-05T13:18:08.309+0000] {globalretail_etl_dag.py:399} INFO - Batch 242/806 → inserted=993  skipped(dup)=7
[2026-05-05T13:18:10.379+0000] {globalretail_etl_dag.py:399} INFO - Batch 243/806 → inserted=994  skipped(dup)=6
[2026-05-05T13:18:13.385+0000] {globalretail_etl_dag.py:399} INFO - Batch 244/806 → inserted=990  skipped(dup)=10
[2026-05-05T13:18:16.525+0000] {globalretail_etl_dag.py:399} INFO - Batch 245/806 → inserted=989  skipped(dup)=11
[2026-05-05T13:18:19.442+0000] {globalretail_etl_dag.py:399} INFO - Batch 246/806 → inserted=996  skipped(dup)=4
[2026-05-05T13:18:21.381+0000] {globalretail_etl_dag.py:399} INFO - Batch 247/806 → inserted=977  skipped(dup)=23
[2026-05-05T13:18:24.390+0000] {globalretail_etl_dag.py:399} INFO - Batch 248/806 → inserted=993  skipped(dup)=7
[2026-05-05T13:18:27.282+0000] {globalretail_etl_dag.py:399} INFO - Batch 249/806 → inserted=995  skipped(dup)=5
[2026-05-05T13:18:30.622+0000] {globalretail_etl_dag.py:399} INFO - Batch 250/806 → inserted=987  skipped(dup)=13
[2026-05-05T13:18:34.341+0000] {globalretail_etl_dag.py:399} INFO - Batch 251/806 → inserted=992  skipped(dup)=8
[2026-05-05T13:18:37.424+0000] {globalretail_etl_dag.py:399} INFO - Batch 252/806 → inserted=981  skipped(dup)=19
[2026-05-05T13:18:40.681+0000] {globalretail_etl_dag.py:399} INFO - Batch 253/806 → inserted=993  skipped(dup)=7
[2026-05-05T13:18:43.438+0000] {globalretail_etl_dag.py:399} INFO - Batch 254/806 → inserted=997  skipped(dup)=3
[2026-05-05T13:18:46.462+0000] {globalretail_etl_dag.py:399} INFO - Batch 255/806 → inserted=987  skipped(dup)=13
[2026-05-05T13:18:49.687+0000] {globalretail_etl_dag.py:399} INFO - Batch 256/806 → inserted=991  skipped(dup)=9
[2026-05-05T13:18:52.379+0000] {globalretail_etl_dag.py:399} INFO - Batch 257/806 → inserted=987  skipped(dup)=13
[2026-05-05T13:18:55.588+0000] {globalretail_etl_dag.py:399} INFO - Batch 258/806 → inserted=965  skipped(dup)=35
[2026-05-05T13:18:58.377+0000] {globalretail_etl_dag.py:399} INFO - Batch 259/806 → inserted=973  skipped(dup)=27
[2026-05-05T13:19:01.831+0000] {globalretail_etl_dag.py:399} INFO - Batch 260/806 → inserted=985  skipped(dup)=15
[2026-05-05T13:19:06.041+0000] {globalretail_etl_dag.py:399} INFO - Batch 261/806 → inserted=989  skipped(dup)=11
[2026-05-05T13:19:10.109+0000] {globalretail_etl_dag.py:399} INFO - Batch 262/806 → inserted=984  skipped(dup)=16
[2026-05-05T13:19:14.054+0000] {globalretail_etl_dag.py:399} INFO - Batch 263/806 → inserted=982  skipped(dup)=18
[2026-05-05T13:19:17.173+0000] {globalretail_etl_dag.py:399} INFO - Batch 264/806 → inserted=983  skipped(dup)=17
[2026-05-05T13:19:21.374+0000] {globalretail_etl_dag.py:399} INFO - Batch 265/806 → inserted=989  skipped(dup)=11
[2026-05-05T13:19:24.512+0000] {globalretail_etl_dag.py:399} INFO - Batch 266/806 → inserted=977  skipped(dup)=23
[2026-05-05T13:19:28.073+0000] {globalretail_etl_dag.py:399} INFO - Batch 267/806 → inserted=978  skipped(dup)=22
[2026-05-05T13:19:31.119+0000] {globalretail_etl_dag.py:399} INFO - Batch 268/806 → inserted=984  skipped(dup)=16
[2026-05-05T13:19:34.410+0000] {globalretail_etl_dag.py:399} INFO - Batch 269/806 → inserted=994  skipped(dup)=6
[2026-05-05T13:19:38.576+0000] {globalretail_etl_dag.py:399} INFO - Batch 270/806 → inserted=980  skipped(dup)=20
[2026-05-05T13:19:40.500+0000] {globalretail_etl_dag.py:399} INFO - Batch 271/806 → inserted=993  skipped(dup)=7
[2026-05-05T13:19:42.501+0000] {globalretail_etl_dag.py:399} INFO - Batch 272/806 → inserted=992  skipped(dup)=8
[2026-05-05T13:19:43.622+0000] {globalretail_etl_dag.py:399} INFO - Batch 273/806 → inserted=981  skipped(dup)=19
[2026-05-05T13:19:45.594+0000] {globalretail_etl_dag.py:399} INFO - Batch 274/806 → inserted=986  skipped(dup)=14
[2026-05-05T13:19:47.511+0000] {globalretail_etl_dag.py:399} INFO - Batch 275/806 → inserted=991  skipped(dup)=9
[2026-05-05T13:19:51.531+0000] {globalretail_etl_dag.py:399} INFO - Batch 276/806 → inserted=974  skipped(dup)=26
[2026-05-05T13:19:55.389+0000] {globalretail_etl_dag.py:399} INFO - Batch 277/806 → inserted=991  skipped(dup)=9
[2026-05-05T13:19:58.375+0000] {globalretail_etl_dag.py:399} INFO - Batch 278/806 → inserted=996  skipped(dup)=4
[2026-05-05T13:20:01.334+0000] {globalretail_etl_dag.py:399} INFO - Batch 279/806 → inserted=997  skipped(dup)=3
[2026-05-05T13:20:04.298+0000] {globalretail_etl_dag.py:399} INFO - Batch 280/806 → inserted=985  skipped(dup)=15
[2026-05-05T13:20:07.367+0000] {globalretail_etl_dag.py:399} INFO - Batch 281/806 → inserted=995  skipped(dup)=5
[2026-05-05T13:20:10.476+0000] {globalretail_etl_dag.py:399} INFO - Batch 282/806 → inserted=995  skipped(dup)=5
[2026-05-05T13:20:13.462+0000] {globalretail_etl_dag.py:399} INFO - Batch 283/806 → inserted=983  skipped(dup)=17
[2026-05-05T13:20:16.500+0000] {globalretail_etl_dag.py:399} INFO - Batch 284/806 → inserted=977  skipped(dup)=23
[2026-05-05T13:20:19.795+0000] {globalretail_etl_dag.py:399} INFO - Batch 285/806 → inserted=994  skipped(dup)=6
[2026-05-05T13:20:23.456+0000] {globalretail_etl_dag.py:399} INFO - Batch 286/806 → inserted=968  skipped(dup)=32
[2026-05-05T13:20:26.551+0000] {globalretail_etl_dag.py:399} INFO - Batch 287/806 → inserted=946  skipped(dup)=54
[2026-05-05T13:20:29.387+0000] {globalretail_etl_dag.py:399} INFO - Batch 288/806 → inserted=993  skipped(dup)=7
[2026-05-05T13:20:32.543+0000] {globalretail_etl_dag.py:399} INFO - Batch 289/806 → inserted=1000  skipped(dup)=0
[2026-05-05T13:20:35.555+0000] {globalretail_etl_dag.py:399} INFO - Batch 290/806 → inserted=994  skipped(dup)=6
[2026-05-05T13:20:37.489+0000] {globalretail_etl_dag.py:399} INFO - Batch 291/806 → inserted=994  skipped(dup)=6
[2026-05-05T13:20:39.562+0000] {globalretail_etl_dag.py:399} INFO - Batch 292/806 → inserted=988  skipped(dup)=12
[2026-05-05T13:20:40.454+0000] {globalretail_etl_dag.py:399} INFO - Batch 293/806 → inserted=1000  skipped(dup)=0
[2026-05-05T13:20:41.504+0000] {globalretail_etl_dag.py:399} INFO - Batch 294/806 → inserted=983  skipped(dup)=17
[2026-05-05T13:20:42.536+0000] {globalretail_etl_dag.py:399} INFO - Batch 295/806 → inserted=977  skipped(dup)=23
[2026-05-05T13:20:46.927+0000] {globalretail_etl_dag.py:399} INFO - Batch 296/806 → inserted=987  skipped(dup)=13
[2026-05-05T13:20:50.786+0000] {globalretail_etl_dag.py:399} INFO - Batch 297/806 → inserted=987  skipped(dup)=13
[2026-05-05T13:20:53.751+0000] {globalretail_etl_dag.py:399} INFO - Batch 298/806 → inserted=994  skipped(dup)=6
[2026-05-05T13:20:56.802+0000] {globalretail_etl_dag.py:399} INFO - Batch 299/806 → inserted=992  skipped(dup)=8
[2026-05-05T13:21:00.628+0000] {globalretail_etl_dag.py:399} INFO - Batch 300/806 → inserted=976  skipped(dup)=24
[2026-05-05T13:21:03.872+0000] {globalretail_etl_dag.py:399} INFO - Batch 301/806 → inserted=998  skipped(dup)=2
[2026-05-05T13:21:07.818+0000] {globalretail_etl_dag.py:399} INFO - Batch 302/806 → inserted=985  skipped(dup)=15
[2026-05-05T13:21:11.416+0000] {globalretail_etl_dag.py:399} INFO - Batch 303/806 → inserted=991  skipped(dup)=9
[2026-05-05T13:21:15.572+0000] {globalretail_etl_dag.py:399} INFO - Batch 304/806 → inserted=982  skipped(dup)=18
[2026-05-05T13:21:19.736+0000] {globalretail_etl_dag.py:399} INFO - Batch 305/806 → inserted=971  skipped(dup)=29
[2026-05-05T13:21:23.410+0000] {globalretail_etl_dag.py:399} INFO - Batch 306/806 → inserted=985  skipped(dup)=15
[2026-05-05T13:21:26.500+0000] {globalretail_etl_dag.py:399} INFO - Batch 307/806 → inserted=990  skipped(dup)=10
[2026-05-05T13:21:30.331+0000] {globalretail_etl_dag.py:399} INFO - Batch 308/806 → inserted=982  skipped(dup)=18
[2026-05-05T13:21:33.476+0000] {globalretail_etl_dag.py:399} INFO - Batch 309/806 → inserted=969  skipped(dup)=31
[2026-05-05T13:21:36.522+0000] {globalretail_etl_dag.py:399} INFO - Batch 310/806 → inserted=975  skipped(dup)=25
[2026-05-05T13:21:39.529+0000] {globalretail_etl_dag.py:399} INFO - Batch 311/806 → inserted=986  skipped(dup)=14
[2026-05-05T13:21:42.506+0000] {globalretail_etl_dag.py:399} INFO - Batch 312/806 → inserted=984  skipped(dup)=16
[2026-05-05T13:21:45.618+0000] {globalretail_etl_dag.py:399} INFO - Batch 313/806 → inserted=982  skipped(dup)=18
[2026-05-05T13:21:48.581+0000] {globalretail_etl_dag.py:399} INFO - Batch 314/806 → inserted=996  skipped(dup)=4
[2026-05-05T13:21:51.466+0000] {globalretail_etl_dag.py:399} INFO - Batch 315/806 → inserted=991  skipped(dup)=9
[2026-05-05T13:21:54.686+0000] {globalretail_etl_dag.py:399} INFO - Batch 316/806 → inserted=980  skipped(dup)=20
[2026-05-05T13:21:58.457+0000] {globalretail_etl_dag.py:399} INFO - Batch 317/806 → inserted=983  skipped(dup)=17
[2026-05-05T13:22:01.441+0000] {globalretail_etl_dag.py:399} INFO - Batch 318/806 → inserted=978  skipped(dup)=22
[2026-05-05T13:22:04.455+0000] {globalretail_etl_dag.py:399} INFO - Batch 319/806 → inserted=977  skipped(dup)=23
[2026-05-05T13:22:07.578+0000] {globalretail_etl_dag.py:399} INFO - Batch 320/806 → inserted=966  skipped(dup)=34
[2026-05-05T13:22:10.613+0000] {globalretail_etl_dag.py:399} INFO - Batch 321/806 → inserted=965  skipped(dup)=35
[2026-05-05T13:22:13.623+0000] {globalretail_etl_dag.py:399} INFO - Batch 322/806 → inserted=967  skipped(dup)=33
[2026-05-05T13:22:16.713+0000] {globalretail_etl_dag.py:399} INFO - Batch 323/806 → inserted=983  skipped(dup)=17
[2026-05-05T13:22:19.533+0000] {globalretail_etl_dag.py:399} INFO - Batch 324/806 → inserted=985  skipped(dup)=15
[2026-05-05T13:22:22.534+0000] {globalretail_etl_dag.py:399} INFO - Batch 325/806 → inserted=989  skipped(dup)=11
[2026-05-05T13:22:25.605+0000] {globalretail_etl_dag.py:399} INFO - Batch 326/806 → inserted=974  skipped(dup)=26
[2026-05-05T13:22:28.676+0000] {globalretail_etl_dag.py:399} INFO - Batch 327/806 → inserted=995  skipped(dup)=5
[2026-05-05T13:22:31.534+0000] {globalretail_etl_dag.py:399} INFO - Batch 328/806 → inserted=989  skipped(dup)=11
[2026-05-05T13:22:34.509+0000] {globalretail_etl_dag.py:399} INFO - Batch 329/806 → inserted=988  skipped(dup)=12
[2026-05-05T13:22:36.501+0000] {globalretail_etl_dag.py:399} INFO - Batch 330/806 → inserted=994  skipped(dup)=6
[2026-05-05T13:22:39.800+0000] {globalretail_etl_dag.py:399} INFO - Batch 331/806 → inserted=973  skipped(dup)=27
[2026-05-05T13:22:42.575+0000] {globalretail_etl_dag.py:399} INFO - Batch 332/806 → inserted=971  skipped(dup)=29
[2026-05-05T13:22:46.521+0000] {globalretail_etl_dag.py:399} INFO - Batch 333/806 → inserted=977  skipped(dup)=23
[2026-05-05T13:22:48.632+0000] {globalretail_etl_dag.py:399} INFO - Batch 334/806 → inserted=980  skipped(dup)=20
[2026-05-05T13:22:52.401+0000] {globalretail_etl_dag.py:399} INFO - Batch 335/806 → inserted=989  skipped(dup)=11
[2026-05-05T13:22:56.335+0000] {globalretail_etl_dag.py:399} INFO - Batch 336/806 → inserted=987  skipped(dup)=13
[2026-05-05T13:22:59.306+0000] {globalretail_etl_dag.py:399} INFO - Batch 337/806 → inserted=965  skipped(dup)=35
[2026-05-05T13:23:01.292+0000] {globalretail_etl_dag.py:399} INFO - Batch 338/806 → inserted=994  skipped(dup)=6
[2026-05-05T13:23:02.303+0000] {globalretail_etl_dag.py:399} INFO - Batch 339/806 → inserted=974  skipped(dup)=26
[2026-05-05T13:23:04.444+0000] {globalretail_etl_dag.py:399} INFO - Batch 340/806 → inserted=968  skipped(dup)=32
[2026-05-05T13:23:06.433+0000] {globalretail_etl_dag.py:399} INFO - Batch 341/806 → inserted=971  skipped(dup)=29
[2026-05-05T13:23:08.550+0000] {globalretail_etl_dag.py:399} INFO - Batch 342/806 → inserted=994  skipped(dup)=6
[2026-05-05T13:23:10.844+0000] {globalretail_etl_dag.py:399} INFO - Batch 343/806 → inserted=988  skipped(dup)=12
[2026-05-05T13:23:12.644+0000] {globalretail_etl_dag.py:399} INFO - Batch 344/806 → inserted=965  skipped(dup)=35
[2026-05-05T13:23:14.592+0000] {globalretail_etl_dag.py:399} INFO - Batch 345/806 → inserted=956  skipped(dup)=44
[2026-05-05T13:23:16.726+0000] {globalretail_etl_dag.py:399} INFO - Batch 346/806 → inserted=977  skipped(dup)=23
[2026-05-05T13:23:20.551+0000] {globalretail_etl_dag.py:399} INFO - Batch 347/806 → inserted=985  skipped(dup)=15
[2026-05-05T13:23:24.388+0000] {globalretail_etl_dag.py:399} INFO - Batch 348/806 → inserted=985  skipped(dup)=15
[2026-05-05T13:23:27.621+0000] {globalretail_etl_dag.py:399} INFO - Batch 349/806 → inserted=953  skipped(dup)=47
[2026-05-05T13:23:31.483+0000] {globalretail_etl_dag.py:399} INFO - Batch 350/806 → inserted=979  skipped(dup)=21
[2026-05-05T13:23:34.584+0000] {globalretail_etl_dag.py:399} INFO - Batch 351/806 → inserted=945  skipped(dup)=55
[2026-05-05T13:23:36.793+0000] {globalretail_etl_dag.py:399} INFO - Batch 352/806 → inserted=992  skipped(dup)=8
[2026-05-05T13:23:38.806+0000] {globalretail_etl_dag.py:399} INFO - Batch 353/806 → inserted=992  skipped(dup)=8
[2026-05-05T13:23:43.230+0000] {globalretail_etl_dag.py:399} INFO - Batch 354/806 → inserted=983  skipped(dup)=17
[2026-05-05T13:23:47.362+0000] {globalretail_etl_dag.py:399} INFO - Batch 355/806 → inserted=992  skipped(dup)=8
[2026-05-05T13:23:51.260+0000] {globalretail_etl_dag.py:399} INFO - Batch 356/806 → inserted=986  skipped(dup)=14
[2026-05-05T13:23:54.294+0000] {globalretail_etl_dag.py:399} INFO - Batch 357/806 → inserted=989  skipped(dup)=11
[2026-05-05T13:23:58.490+0000] {globalretail_etl_dag.py:399} INFO - Batch 358/806 → inserted=954  skipped(dup)=46
[2026-05-05T13:24:02.297+0000] {globalretail_etl_dag.py:399} INFO - Batch 359/806 → inserted=964  skipped(dup)=36
[2026-05-05T13:24:05.259+0000] {globalretail_etl_dag.py:399} INFO - Batch 360/806 → inserted=955  skipped(dup)=45
[2026-05-05T13:24:08.625+0000] {globalretail_etl_dag.py:399} INFO - Batch 361/806 → inserted=976  skipped(dup)=24
[2026-05-05T13:24:12.858+0000] {globalretail_etl_dag.py:399} INFO - Batch 362/806 → inserted=970  skipped(dup)=30
[2026-05-05T13:24:16.712+0000] {globalretail_etl_dag.py:399} INFO - Batch 363/806 → inserted=968  skipped(dup)=32
[2026-05-05T13:24:19.674+0000] {globalretail_etl_dag.py:399} INFO - Batch 364/806 → inserted=982  skipped(dup)=18
[2026-05-05T13:24:22.566+0000] {globalretail_etl_dag.py:399} INFO - Batch 365/806 → inserted=964  skipped(dup)=36
[2026-05-05T13:24:25.651+0000] {globalretail_etl_dag.py:399} INFO - Batch 366/806 → inserted=977  skipped(dup)=23
[2026-05-05T13:24:28.593+0000] {globalretail_etl_dag.py:399} INFO - Batch 367/806 → inserted=991  skipped(dup)=9
[2026-05-05T13:24:31.654+0000] {globalretail_etl_dag.py:399} INFO - Batch 368/806 → inserted=977  skipped(dup)=23
[2026-05-05T13:24:34.691+0000] {globalretail_etl_dag.py:399} INFO - Batch 369/806 → inserted=986  skipped(dup)=14
[2026-05-05T13:24:37.585+0000] {globalretail_etl_dag.py:399} INFO - Batch 370/806 → inserted=959  skipped(dup)=41
[2026-05-05T13:24:40.743+0000] {globalretail_etl_dag.py:399} INFO - Batch 371/806 → inserted=983  skipped(dup)=17
[2026-05-05T13:24:44.326+0000] {globalretail_etl_dag.py:399} INFO - Batch 372/806 → inserted=967  skipped(dup)=33
[2026-05-05T13:24:48.008+0000] {globalretail_etl_dag.py:399} INFO - Batch 373/806 → inserted=977  skipped(dup)=23
[2026-05-05T13:24:51.268+0000] {globalretail_etl_dag.py:399} INFO - Batch 374/806 → inserted=978  skipped(dup)=22
[2026-05-05T13:24:55.016+0000] {globalretail_etl_dag.py:399} INFO - Batch 375/806 → inserted=977  skipped(dup)=23
[2026-05-05T13:24:58.198+0000] {globalretail_etl_dag.py:399} INFO - Batch 376/806 → inserted=978  skipped(dup)=22
[2026-05-05T13:25:01.441+0000] {globalretail_etl_dag.py:399} INFO - Batch 377/806 → inserted=994  skipped(dup)=6
[2026-05-05T13:25:05.347+0000] {globalretail_etl_dag.py:399} INFO - Batch 378/806 → inserted=975  skipped(dup)=25
[2026-05-05T13:25:08.502+0000] {globalretail_etl_dag.py:399} INFO - Batch 379/806 → inserted=991  skipped(dup)=9
[2026-05-05T13:25:11.591+0000] {globalretail_etl_dag.py:399} INFO - Batch 380/806 → inserted=956  skipped(dup)=44
[2026-05-05T13:25:15.716+0000] {globalretail_etl_dag.py:399} INFO - Batch 381/806 → inserted=975  skipped(dup)=25
[2026-05-05T13:25:19.685+0000] {globalretail_etl_dag.py:399} INFO - Batch 382/806 → inserted=990  skipped(dup)=10
[2026-05-05T13:25:23.511+0000] {globalretail_etl_dag.py:399} INFO - Batch 383/806 → inserted=965  skipped(dup)=35
[2026-05-05T13:25:26.557+0000] {globalretail_etl_dag.py:399} INFO - Batch 384/806 → inserted=992  skipped(dup)=8
[2026-05-05T13:25:29.567+0000] {globalretail_etl_dag.py:399} INFO - Batch 385/806 → inserted=975  skipped(dup)=25
[2026-05-05T13:25:32.548+0000] {globalretail_etl_dag.py:399} INFO - Batch 386/806 → inserted=980  skipped(dup)=20
[2026-05-05T13:25:35.646+0000] {globalretail_etl_dag.py:399} INFO - Batch 387/806 → inserted=966  skipped(dup)=34
[2026-05-05T13:25:38.527+0000] {globalretail_etl_dag.py:399} INFO - Batch 388/806 → inserted=952  skipped(dup)=48
[2026-05-05T13:25:42.044+0000] {globalretail_etl_dag.py:399} INFO - Batch 389/806 → inserted=971  skipped(dup)=29
[2026-05-05T13:25:46.482+0000] {globalretail_etl_dag.py:399} INFO - Batch 390/806 → inserted=985  skipped(dup)=15
[2026-05-05T13:25:50.459+0000] {globalretail_etl_dag.py:399} INFO - Batch 391/806 → inserted=988  skipped(dup)=12
[2026-05-05T13:25:54.328+0000] {globalretail_etl_dag.py:399} INFO - Batch 392/806 → inserted=988  skipped(dup)=12
[2026-05-05T13:25:56.475+0000] {globalretail_etl_dag.py:399} INFO - Batch 393/806 → inserted=982  skipped(dup)=18
[2026-05-05T13:25:58.358+0000] {globalretail_etl_dag.py:399} INFO - Batch 394/806 → inserted=979  skipped(dup)=21
[2026-05-05T13:25:59.431+0000] {globalretail_etl_dag.py:399} INFO - Batch 395/806 → inserted=976  skipped(dup)=24
[2026-05-05T13:26:01.633+0000] {globalretail_etl_dag.py:399} INFO - Batch 396/806 → inserted=991  skipped(dup)=9
[2026-05-05T13:26:05.469+0000] {globalretail_etl_dag.py:399} INFO - Batch 397/806 → inserted=974  skipped(dup)=26
[2026-05-05T13:26:09.644+0000] {globalretail_etl_dag.py:399} INFO - Batch 398/806 → inserted=977  skipped(dup)=23
[2026-05-05T13:26:13.641+0000] {globalretail_etl_dag.py:399} INFO - Batch 399/806 → inserted=986  skipped(dup)=14
[2026-05-05T13:26:17.009+0000] {globalretail_etl_dag.py:399} INFO - Batch 400/806 → inserted=954  skipped(dup)=46
[2026-05-05T13:26:20.718+0000] {globalretail_etl_dag.py:399} INFO - Batch 401/806 → inserted=955  skipped(dup)=45
[2026-05-05T13:26:23.586+0000] {globalretail_etl_dag.py:399} INFO - Batch 402/806 → inserted=971  skipped(dup)=29
[2026-05-05T13:26:26.604+0000] {globalretail_etl_dag.py:399} INFO - Batch 403/806 → inserted=981  skipped(dup)=19
[2026-05-05T13:26:29.565+0000] {globalretail_etl_dag.py:399} INFO - Batch 404/806 → inserted=984  skipped(dup)=16
[2026-05-05T13:26:32.783+0000] {globalretail_etl_dag.py:399} INFO - Batch 405/806 → inserted=962  skipped(dup)=38
[2026-05-05T13:26:35.606+0000] {globalretail_etl_dag.py:399} INFO - Batch 406/806 → inserted=999  skipped(dup)=1
[2026-05-05T13:26:38.687+0000] {globalretail_etl_dag.py:399} INFO - Batch 407/806 → inserted=993  skipped(dup)=7
[2026-05-05T13:26:41.639+0000] {globalretail_etl_dag.py:399} INFO - Batch 408/806 → inserted=661  skipped(dup)=339
[2026-05-05T13:26:44.265+0000] {globalretail_etl_dag.py:399} INFO - Batch 409/806 → inserted=0  skipped(dup)=1000
[2026-05-05T13:26:47.541+0000] {globalretail_etl_dag.py:399} INFO - Batch 410/806 → inserted=0  skipped(dup)=1000
[2026-05-05T13:26:50.172+0000] {globalretail_etl_dag.py:399} INFO - Batch 411/806 → inserted=0  skipped(dup)=1000
[2026-05-05T13:26:53.120+0000] {globalretail_etl_dag.py:399} INFO - Batch 412/806 → inserted=0  skipped(dup)=1000
[2026-05-05T13:26:55.083+0000] {globalretail_etl_dag.py:399} INFO - Batch 413/806 → inserted=0  skipped(dup)=1000
[2026-05-05T13:26:56.103+0000] {globalretail_etl_dag.py:399} INFO - Batch 414/806 → inserted=0  skipped(dup)=1000
[2026-05-05T13:26:57.110+0000] {globalretail_etl_dag.py:399} INFO - Batch 415/806 → inserted=0  skipped(dup)=1000
[2026-05-05T13:27:01.093+0000] {globalretail_etl_dag.py:399} INFO - Batch 416/806 → inserted=0  skipped(dup)=1000
[2026-05-05T13:27:04.123+0000] {globalretail_etl_dag.py:399} INFO - Batch 417/806 → inserted=0  skipped(dup)=1000
[2026-05-05T13:27:07.157+0000] {globalretail_etl_dag.py:399} INFO - Batch 418/806 → inserted=0  skipped(dup)=1000
[2026-05-05T13:27:10.259+0000] {globalretail_etl_dag.py:399} INFO - Batch 419/806 → inserted=0  skipped(dup)=1000
[2026-05-05T13:27:13.251+0000] {globalretail_etl_dag.py:399} INFO - Batch 420/806 → inserted=0  skipped(dup)=1000
[2026-05-05T13:27:16.342+0000] {globalretail_etl_dag.py:399} INFO - Batch 421/806 → inserted=0  skipped(dup)=1000
[2026-05-05T13:27:19.199+0000] {globalretail_etl_dag.py:399} INFO - Batch 422/806 → inserted=0  skipped(dup)=1000
[2026-05-05T13:27:20.703+0000] {globalretail_etl_dag.py:399} INFO - Batch 423/806 → inserted=822  skipped(dup)=178
[2026-05-05T13:27:21.590+0000] {globalretail_etl_dag.py:399} INFO - Batch 424/806 → inserted=967  skipped(dup)=33
[2026-05-05T13:27:23.803+0000] {globalretail_etl_dag.py:399} INFO - Batch 425/806 → inserted=965  skipped(dup)=35
[2026-05-05T13:27:24.569+0000] {globalretail_etl_dag.py:399} INFO - Batch 426/806 → inserted=994  skipped(dup)=6
[2026-05-05T13:27:25.850+0000] {globalretail_etl_dag.py:399} INFO - Batch 427/806 → inserted=984  skipped(dup)=16
[2026-05-05T13:27:28.092+0000] {globalretail_etl_dag.py:399} INFO - Batch 428/806 → inserted=991  skipped(dup)=9
[2026-05-05T13:27:29.919+0000] {globalretail_etl_dag.py:399} INFO - Batch 429/806 → inserted=991  skipped(dup)=9
[2026-05-05T13:27:31.782+0000] {globalretail_etl_dag.py:399} INFO - Batch 430/806 → inserted=995  skipped(dup)=5
[2026-05-05T13:27:32.958+0000] {globalretail_etl_dag.py:399} INFO - Batch 431/806 → inserted=984  skipped(dup)=16
[2026-05-05T13:27:36.945+0000] {globalretail_etl_dag.py:399} INFO - Batch 432/806 → inserted=980  skipped(dup)=20
[2026-05-05T13:27:40.793+0000] {globalretail_etl_dag.py:399} INFO - Batch 433/806 → inserted=993  skipped(dup)=7
[2026-05-05T13:27:43.865+0000] {globalretail_etl_dag.py:399} INFO - Batch 434/806 → inserted=997  skipped(dup)=3
[2026-05-05T13:27:44.896+0000] {globalretail_etl_dag.py:399} INFO - Batch 435/806 → inserted=993  skipped(dup)=7
[2026-05-05T13:27:46.154+0000] {globalretail_etl_dag.py:399} INFO - Batch 436/806 → inserted=998  skipped(dup)=2
[2026-05-05T13:27:48.243+0000] {globalretail_etl_dag.py:399} INFO - Batch 437/806 → inserted=997  skipped(dup)=3
[2026-05-05T13:27:49.702+0000] {globalretail_etl_dag.py:399} INFO - Batch 438/806 → inserted=998  skipped(dup)=2
[2026-05-05T13:27:50.847+0000] {globalretail_etl_dag.py:399} INFO - Batch 439/806 → inserted=978  skipped(dup)=22
[2026-05-05T13:27:54.658+0000] {globalretail_etl_dag.py:399} INFO - Batch 440/806 → inserted=998  skipped(dup)=2
[2026-05-05T13:27:58.729+0000] {globalretail_etl_dag.py:399} INFO - Batch 441/806 → inserted=994  skipped(dup)=6
[2026-05-05T13:28:02.688+0000] {globalretail_etl_dag.py:399} INFO - Batch 442/806 → inserted=987  skipped(dup)=13
[2026-05-05T13:28:05.891+0000] {globalretail_etl_dag.py:399} INFO - Batch 443/806 → inserted=996  skipped(dup)=4
[2026-05-05T13:28:08.728+0000] {globalretail_etl_dag.py:399} INFO - Batch 444/806 → inserted=962  skipped(dup)=38
[2026-05-05T13:28:10.214+0000] {globalretail_etl_dag.py:399} INFO - Batch 445/806 → inserted=988  skipped(dup)=12
[2026-05-05T13:28:11.963+0000] {globalretail_etl_dag.py:399} INFO - Batch 446/806 → inserted=989  skipped(dup)=11
[2026-05-05T13:28:14.152+0000] {globalretail_etl_dag.py:399} INFO - Batch 447/806 → inserted=988  skipped(dup)=12
[2026-05-05T13:28:15.905+0000] {globalretail_etl_dag.py:399} INFO - Batch 448/806 → inserted=991  skipped(dup)=9
[2026-05-05T13:28:17.368+0000] {globalretail_etl_dag.py:399} INFO - Batch 449/806 → inserted=988  skipped(dup)=12
[2026-05-05T13:28:21.327+0000] {globalretail_etl_dag.py:399} INFO - Batch 450/806 → inserted=989  skipped(dup)=11
[2026-05-05T13:28:25.471+0000] {globalretail_etl_dag.py:399} INFO - Batch 451/806 → inserted=981  skipped(dup)=19
[2026-05-05T13:28:29.540+0000] {globalretail_etl_dag.py:399} INFO - Batch 452/806 → inserted=991  skipped(dup)=9
[2026-05-05T13:28:33.689+0000] {globalretail_etl_dag.py:399} INFO - Batch 453/806 → inserted=978  skipped(dup)=22
[2026-05-05T13:28:37.581+0000] {globalretail_etl_dag.py:399} INFO - Batch 454/806 → inserted=982  skipped(dup)=18
[2026-05-05T13:28:40.735+0000] {globalretail_etl_dag.py:399} INFO - Batch 455/806 → inserted=995  skipped(dup)=5
[2026-05-05T13:28:44.390+0000] {globalretail_etl_dag.py:399} INFO - Batch 456/806 → inserted=997  skipped(dup)=3
[2026-05-05T13:28:48.728+0000] {globalretail_etl_dag.py:399} INFO - Batch 457/806 → inserted=991  skipped(dup)=9
[2026-05-05T13:28:54.036+0000] {globalretail_etl_dag.py:399} INFO - Batch 458/806 → inserted=982  skipped(dup)=18
[2026-05-05T13:28:57.823+0000] {globalretail_etl_dag.py:399} INFO - Batch 459/806 → inserted=989  skipped(dup)=11
[2026-05-05T13:29:00.932+0000] {globalretail_etl_dag.py:399} INFO - Batch 460/806 → inserted=986  skipped(dup)=14
[2026-05-05T13:29:03.828+0000] {globalretail_etl_dag.py:399} INFO - Batch 461/806 → inserted=996  skipped(dup)=4
[2026-05-05T13:29:07.119+0000] {globalretail_etl_dag.py:399} INFO - Batch 462/806 → inserted=990  skipped(dup)=10
[2026-05-05T13:29:10.205+0000] {globalretail_etl_dag.py:399} INFO - Batch 463/806 → inserted=985  skipped(dup)=15
[2026-05-05T13:29:14.071+0000] {globalretail_etl_dag.py:399} INFO - Batch 464/806 → inserted=997  skipped(dup)=3
[2026-05-05T13:29:17.049+0000] {globalretail_etl_dag.py:399} INFO - Batch 465/806 → inserted=990  skipped(dup)=10
[2026-05-05T13:29:19.937+0000] {globalretail_etl_dag.py:399} INFO - Batch 466/806 → inserted=994  skipped(dup)=6
[2026-05-05T13:29:22.941+0000] {globalretail_etl_dag.py:399} INFO - Batch 467/806 → inserted=995  skipped(dup)=5
[2026-05-05T13:29:26.098+0000] {globalretail_etl_dag.py:399} INFO - Batch 468/806 → inserted=968  skipped(dup)=32
[2026-05-05T13:29:30.073+0000] {globalretail_etl_dag.py:399} INFO - Batch 469/806 → inserted=983  skipped(dup)=17
[2026-05-05T13:29:33.132+0000] {globalretail_etl_dag.py:399} INFO - Batch 470/806 → inserted=990  skipped(dup)=10
[2026-05-05T13:29:35.990+0000] {globalretail_etl_dag.py:399} INFO - Batch 471/806 → inserted=997  skipped(dup)=3
[2026-05-05T13:29:39.121+0000] {globalretail_etl_dag.py:399} INFO - Batch 472/806 → inserted=1000  skipped(dup)=0
[2026-05-05T13:29:42.021+0000] {globalretail_etl_dag.py:399} INFO - Batch 473/806 → inserted=995  skipped(dup)=5
[2026-05-05T13:29:45.566+0000] {globalretail_etl_dag.py:399} INFO - Batch 474/806 → inserted=973  skipped(dup)=27
[2026-05-05T13:29:49.464+0000] {globalretail_etl_dag.py:399} INFO - Batch 475/806 → inserted=981  skipped(dup)=19
[2026-05-05T13:29:53.488+0000] {globalretail_etl_dag.py:399} INFO - Batch 476/806 → inserted=995  skipped(dup)=5
[2026-05-05T13:29:55.495+0000] {globalretail_etl_dag.py:399} INFO - Batch 477/806 → inserted=995  skipped(dup)=5
[2026-05-05T13:29:59.445+0000] {globalretail_etl_dag.py:399} INFO - Batch 478/806 → inserted=996  skipped(dup)=4
[2026-05-05T13:30:02.566+0000] {globalretail_etl_dag.py:399} INFO - Batch 479/806 → inserted=985  skipped(dup)=15
[2026-05-05T13:30:06.554+0000] {globalretail_etl_dag.py:399} INFO - Batch 480/806 → inserted=994  skipped(dup)=6
[2026-05-05T13:30:10.071+0000] {globalretail_etl_dag.py:399} INFO - Batch 481/806 → inserted=991  skipped(dup)=9
[2026-05-05T13:30:13.860+0000] {globalretail_etl_dag.py:399} INFO - Batch 482/806 → inserted=990  skipped(dup)=10
[2026-05-05T13:30:16.909+0000] {globalretail_etl_dag.py:399} INFO - Batch 483/806 → inserted=991  skipped(dup)=9
[2026-05-05T13:30:19.910+0000] {globalretail_etl_dag.py:399} INFO - Batch 484/806 → inserted=999  skipped(dup)=1
[2026-05-05T13:30:24.008+0000] {globalretail_etl_dag.py:399} INFO - Batch 485/806 → inserted=987  skipped(dup)=13
[2026-05-05T13:30:27.886+0000] {globalretail_etl_dag.py:399} INFO - Batch 486/806 → inserted=983  skipped(dup)=17
[2026-05-05T13:30:30.962+0000] {globalretail_etl_dag.py:399} INFO - Batch 487/806 → inserted=994  skipped(dup)=6
[2026-05-05T13:30:33.956+0000] {globalretail_etl_dag.py:399} INFO - Batch 488/806 → inserted=991  skipped(dup)=9
[2026-05-05T13:30:37.076+0000] {globalretail_etl_dag.py:399} INFO - Batch 489/806 → inserted=991  skipped(dup)=9
[2026-05-05T13:30:40.213+0000] {globalretail_etl_dag.py:399} INFO - Batch 490/806 → inserted=978  skipped(dup)=22
[2026-05-05T13:30:44.068+0000] {globalretail_etl_dag.py:399} INFO - Batch 491/806 → inserted=977  skipped(dup)=23
[2026-05-05T13:30:47.074+0000] {globalretail_etl_dag.py:399} INFO - Batch 492/806 → inserted=994  skipped(dup)=6
[2026-05-05T13:30:47.976+0000] {globalretail_etl_dag.py:399} INFO - Batch 493/806 → inserted=989  skipped(dup)=11
[2026-05-05T13:30:51.220+0000] {globalretail_etl_dag.py:399} INFO - Batch 494/806 → inserted=984  skipped(dup)=16
[2026-05-05T13:30:55.029+0000] {globalretail_etl_dag.py:399} INFO - Batch 495/806 → inserted=967  skipped(dup)=33
[2026-05-05T13:30:58.389+0000] {globalretail_etl_dag.py:399} INFO - Batch 496/806 → inserted=979  skipped(dup)=21
[2026-05-05T13:31:02.203+0000] {globalretail_etl_dag.py:399} INFO - Batch 497/806 → inserted=989  skipped(dup)=11
[2026-05-05T13:31:05.127+0000] {globalretail_etl_dag.py:399} INFO - Batch 498/806 → inserted=992  skipped(dup)=8
[2026-05-05T13:31:08.488+0000] {globalretail_etl_dag.py:399} INFO - Batch 499/806 → inserted=993  skipped(dup)=7
[2026-05-05T13:31:12.231+0000] {globalretail_etl_dag.py:399} INFO - Batch 500/806 → inserted=1000  skipped(dup)=0
[2026-05-05T13:31:15.595+0000] {globalretail_etl_dag.py:399} INFO - Batch 501/806 → inserted=979  skipped(dup)=21
[2026-05-05T13:31:18.392+0000] {globalretail_etl_dag.py:399} INFO - Batch 502/806 → inserted=994  skipped(dup)=6
[2026-05-05T13:31:21.616+0000] {globalretail_etl_dag.py:399} INFO - Batch 503/806 → inserted=995  skipped(dup)=5
[2026-05-05T13:31:23.554+0000] {globalretail_etl_dag.py:399} INFO - Batch 504/806 → inserted=968  skipped(dup)=32
[2026-05-05T13:31:25.594+0000] {globalretail_etl_dag.py:399} INFO - Batch 505/806 → inserted=993  skipped(dup)=7
[2026-05-05T13:31:27.563+0000] {globalretail_etl_dag.py:399} INFO - Batch 506/806 → inserted=995  skipped(dup)=5
[2026-05-05T13:31:29.622+0000] {globalretail_etl_dag.py:399} INFO - Batch 507/806 → inserted=995  skipped(dup)=5
[2026-05-05T13:31:31.836+0000] {globalretail_etl_dag.py:399} INFO - Batch 508/806 → inserted=985  skipped(dup)=15
[2026-05-05T13:31:33.735+0000] {globalretail_etl_dag.py:399} INFO - Batch 509/806 → inserted=994  skipped(dup)=6
[2026-05-05T13:31:36.934+0000] {globalretail_etl_dag.py:399} INFO - Batch 510/806 → inserted=987  skipped(dup)=13
[2026-05-05T13:31:40.934+0000] {globalretail_etl_dag.py:399} INFO - Batch 511/806 → inserted=997  skipped(dup)=3
[2026-05-05T13:31:46.372+0000] {globalretail_etl_dag.py:399} INFO - Batch 512/806 → inserted=994  skipped(dup)=6
[2026-05-05T13:31:51.623+0000] {globalretail_etl_dag.py:399} INFO - Batch 513/806 → inserted=989  skipped(dup)=11
[2026-05-05T13:31:56.680+0000] {globalretail_etl_dag.py:399} INFO - Batch 514/806 → inserted=994  skipped(dup)=6
[2026-05-05T13:32:00.752+0000] {globalretail_etl_dag.py:399} INFO - Batch 515/806 → inserted=994  skipped(dup)=6
[2026-05-05T13:32:04.875+0000] {globalretail_etl_dag.py:399} INFO - Batch 516/806 → inserted=993  skipped(dup)=7
[2026-05-05T13:32:07.856+0000] {globalretail_etl_dag.py:399} INFO - Batch 517/806 → inserted=973  skipped(dup)=27
[2026-05-05T13:32:11.168+0000] {globalretail_etl_dag.py:399} INFO - Batch 518/806 → inserted=987  skipped(dup)=13
[2026-05-05T13:32:15.250+0000] {globalretail_etl_dag.py:399} INFO - Batch 519/806 → inserted=987  skipped(dup)=13
[2026-05-05T13:32:18.870+0000] {globalretail_etl_dag.py:399} INFO - Batch 520/806 → inserted=993  skipped(dup)=7
[2026-05-05T13:32:21.859+0000] {globalretail_etl_dag.py:399} INFO - Batch 521/806 → inserted=998  skipped(dup)=2
[2026-05-05T13:32:24.917+0000] {globalretail_etl_dag.py:399} INFO - Batch 522/806 → inserted=997  skipped(dup)=3
[2026-05-05T13:32:28.065+0000] {globalretail_etl_dag.py:399} INFO - Batch 523/806 → inserted=992  skipped(dup)=8
[2026-05-05T13:32:31.988+0000] {globalretail_etl_dag.py:399} INFO - Batch 524/806 → inserted=994  skipped(dup)=6
[2026-05-05T13:32:34.920+0000] {globalretail_etl_dag.py:399} INFO - Batch 525/806 → inserted=994  skipped(dup)=6
[2026-05-05T13:32:38.016+0000] {globalretail_etl_dag.py:399} INFO - Batch 526/806 → inserted=991  skipped(dup)=9
[2026-05-05T13:32:41.322+0000] {globalretail_etl_dag.py:399} INFO - Batch 527/806 → inserted=994  skipped(dup)=6
[2026-05-05T13:32:45.191+0000] {globalretail_etl_dag.py:399} INFO - Batch 528/806 → inserted=995  skipped(dup)=5
[2026-05-05T13:32:48.017+0000] {globalretail_etl_dag.py:399} INFO - Batch 529/806 → inserted=999  skipped(dup)=1
[2026-05-05T13:32:51.331+0000] {globalretail_etl_dag.py:399} INFO - Batch 530/806 → inserted=997  skipped(dup)=3
[2026-05-05T13:32:55.462+0000] {globalretail_etl_dag.py:399} INFO - Batch 531/806 → inserted=951  skipped(dup)=49
[2026-05-05T13:32:59.798+0000] {globalretail_etl_dag.py:399} INFO - Batch 532/806 → inserted=994  skipped(dup)=6
[2026-05-05T13:33:03.753+0000] {globalretail_etl_dag.py:399} INFO - Batch 533/806 → inserted=1000  skipped(dup)=0
[2026-05-05T13:33:06.785+0000] {globalretail_etl_dag.py:399} INFO - Batch 534/806 → inserted=988  skipped(dup)=12
[2026-05-05T13:33:09.957+0000] {globalretail_etl_dag.py:399} INFO - Batch 535/806 → inserted=994  skipped(dup)=6
[2026-05-05T13:33:13.963+0000] {globalretail_etl_dag.py:399} INFO - Batch 536/806 → inserted=998  skipped(dup)=2
[2026-05-05T13:33:16.856+0000] {globalretail_etl_dag.py:399} INFO - Batch 537/806 → inserted=989  skipped(dup)=11
[2026-05-05T13:33:19.891+0000] {globalretail_etl_dag.py:399} INFO - Batch 538/806 → inserted=989  skipped(dup)=11
[2026-05-05T13:33:23.996+0000] {globalretail_etl_dag.py:399} INFO - Batch 539/806 → inserted=997  skipped(dup)=3
[2026-05-05T13:33:27.893+0000] {globalretail_etl_dag.py:399} INFO - Batch 540/806 → inserted=1000  skipped(dup)=0
[2026-05-05T13:33:31.018+0000] {globalretail_etl_dag.py:399} INFO - Batch 541/806 → inserted=994  skipped(dup)=6
[2026-05-05T13:33:32.798+0000] {globalretail_etl_dag.py:399} INFO - Batch 542/806 → inserted=979  skipped(dup)=21
[2026-05-05T13:33:35.977+0000] {globalretail_etl_dag.py:399} INFO - Batch 543/806 → inserted=999  skipped(dup)=1
[2026-05-05T13:33:39.114+0000] {globalretail_etl_dag.py:399} INFO - Batch 544/806 → inserted=990  skipped(dup)=10
[2026-05-05T13:33:42.132+0000] {globalretail_etl_dag.py:399} INFO - Batch 545/806 → inserted=989  skipped(dup)=11
[2026-05-05T13:33:45.361+0000] {globalretail_etl_dag.py:399} INFO - Batch 546/806 → inserted=987  skipped(dup)=13
[2026-05-05T13:33:49.073+0000] {globalretail_etl_dag.py:399} INFO - Batch 547/806 → inserted=988  skipped(dup)=12
[2026-05-05T13:33:51.883+0000] {globalretail_etl_dag.py:399} INFO - Batch 548/806 → inserted=993  skipped(dup)=7
[2026-05-05T13:33:54.106+0000] {globalretail_etl_dag.py:399} INFO - Batch 549/806 → inserted=999  skipped(dup)=1
[2026-05-05T13:33:55.083+0000] {globalretail_etl_dag.py:399} INFO - Batch 550/806 → inserted=997  skipped(dup)=3
[2026-05-05T13:33:55.912+0000] {globalretail_etl_dag.py:399} INFO - Batch 551/806 → inserted=999  skipped(dup)=1
[2026-05-05T13:33:57.086+0000] {globalretail_etl_dag.py:399} INFO - Batch 552/806 → inserted=980  skipped(dup)=20
[2026-05-05T13:34:00.998+0000] {globalretail_etl_dag.py:399} INFO - Batch 553/806 → inserted=983  skipped(dup)=17
[2026-05-05T13:34:04.009+0000] {globalretail_etl_dag.py:399} INFO - Batch 554/806 → inserted=999  skipped(dup)=1
[2026-05-05T13:34:07.152+0000] {globalretail_etl_dag.py:399} INFO - Batch 555/806 → inserted=996  skipped(dup)=4
[2026-05-05T13:34:08.186+0000] {globalretail_etl_dag.py:399} INFO - Batch 556/806 → inserted=958  skipped(dup)=42
[2026-05-05T13:34:09.157+0000] {globalretail_etl_dag.py:399} INFO - Batch 557/806 → inserted=986  skipped(dup)=14
[2026-05-05T13:34:10.616+0000] {globalretail_etl_dag.py:399} INFO - Batch 558/806 → inserted=999  skipped(dup)=1
[2026-05-05T13:34:12.124+0000] {globalretail_etl_dag.py:399} INFO - Batch 559/806 → inserted=989  skipped(dup)=11
[2026-05-05T13:34:13.187+0000] {globalretail_etl_dag.py:399} INFO - Batch 560/806 → inserted=984  skipped(dup)=16
[2026-05-05T13:34:14.276+0000] {globalretail_etl_dag.py:399} INFO - Batch 561/806 → inserted=990  skipped(dup)=10
[2026-05-05T13:34:15.594+0000] {globalretail_etl_dag.py:399} INFO - Batch 562/806 → inserted=998  skipped(dup)=2
[2026-05-05T13:34:17.053+0000] {globalretail_etl_dag.py:399} INFO - Batch 563/806 → inserted=994  skipped(dup)=6
[2026-05-05T13:34:20.678+0000] {globalretail_etl_dag.py:399} INFO - Batch 564/806 → inserted=980  skipped(dup)=20
[2026-05-05T13:34:21.999+0000] {globalretail_etl_dag.py:399} INFO - Batch 565/806 → inserted=999  skipped(dup)=1
[2026-05-05T13:34:22.965+0000] {globalretail_etl_dag.py:399} INFO - Batch 566/806 → inserted=997  skipped(dup)=3
[2026-05-05T13:34:24.607+0000] {globalretail_etl_dag.py:399} INFO - Batch 567/806 → inserted=989  skipped(dup)=11
[2026-05-05T13:34:26.070+0000] {globalretail_etl_dag.py:399} INFO - Batch 568/806 → inserted=982  skipped(dup)=18
[2026-05-05T13:34:27.099+0000] {globalretail_etl_dag.py:399} INFO - Batch 569/806 → inserted=990  skipped(dup)=10
[2026-05-05T13:34:28.361+0000] {globalretail_etl_dag.py:399} INFO - Batch 570/806 → inserted=996  skipped(dup)=4
[2026-05-05T13:34:30.259+0000] {globalretail_etl_dag.py:399} INFO - Batch 571/806 → inserted=992  skipped(dup)=8
[2026-05-05T13:34:32.232+0000] {globalretail_etl_dag.py:399} INFO - Batch 572/806 → inserted=995  skipped(dup)=5
[2026-05-05T13:34:34.313+0000] {globalretail_etl_dag.py:399} INFO - Batch 573/806 → inserted=997  skipped(dup)=3
[2026-05-05T13:34:36.532+0000] {globalretail_etl_dag.py:399} INFO - Batch 574/806 → inserted=995  skipped(dup)=5
[2026-05-05T13:34:38.397+0000] {globalretail_etl_dag.py:399} INFO - Batch 575/806 → inserted=994  skipped(dup)=6
[2026-05-05T13:34:40.484+0000] {globalretail_etl_dag.py:399} INFO - Batch 576/806 → inserted=986  skipped(dup)=14
[2026-05-05T13:34:42.247+0000] {globalretail_etl_dag.py:399} INFO - Batch 577/806 → inserted=984  skipped(dup)=16
[2026-05-05T13:34:43.710+0000] {globalretail_etl_dag.py:399} INFO - Batch 578/806 → inserted=990  skipped(dup)=10
[2026-05-05T13:34:47.135+0000] {globalretail_etl_dag.py:399} INFO - Batch 579/806 → inserted=988  skipped(dup)=12
[2026-05-05T13:34:50.100+0000] {globalretail_etl_dag.py:399} INFO - Batch 580/806 → inserted=995  skipped(dup)=5
[2026-05-05T13:34:53.030+0000] {globalretail_etl_dag.py:399} INFO - Batch 581/806 → inserted=983  skipped(dup)=17
[2026-05-05T13:34:55.916+0000] {globalretail_etl_dag.py:399} INFO - Batch 582/806 → inserted=977  skipped(dup)=23
[2026-05-05T13:34:59.222+0000] {globalretail_etl_dag.py:399} INFO - Batch 583/806 → inserted=989  skipped(dup)=11
[2026-05-05T13:35:03.036+0000] {globalretail_etl_dag.py:399} INFO - Batch 584/806 → inserted=991  skipped(dup)=9
[2026-05-05T13:35:06.235+0000] {globalretail_etl_dag.py:399} INFO - Batch 585/806 → inserted=998  skipped(dup)=2
[2026-05-05T13:35:09.904+0000] {globalretail_etl_dag.py:399} INFO - Batch 586/806 → inserted=998  skipped(dup)=2
[2026-05-05T13:35:14.175+0000] {globalretail_etl_dag.py:399} INFO - Batch 587/806 → inserted=996  skipped(dup)=4
[2026-05-05T13:35:18.000+0000] {globalretail_etl_dag.py:399} INFO - Batch 588/806 → inserted=988  skipped(dup)=12
[2026-05-05T13:35:21.963+0000] {globalretail_etl_dag.py:399} INFO - Batch 589/806 → inserted=996  skipped(dup)=4
[2026-05-05T13:35:25.112+0000] {globalretail_etl_dag.py:399} INFO - Batch 590/806 → inserted=987  skipped(dup)=13
[2026-05-05T13:35:28.935+0000] {globalretail_etl_dag.py:399} INFO - Batch 591/806 → inserted=991  skipped(dup)=9
[2026-05-05T13:35:32.411+0000] {globalretail_etl_dag.py:399} INFO - Batch 592/806 → inserted=982  skipped(dup)=18
[2026-05-05T13:35:36.361+0000] {globalretail_etl_dag.py:399} INFO - Batch 593/806 → inserted=987  skipped(dup)=13
[2026-05-05T13:35:39.576+0000] {globalretail_etl_dag.py:399} INFO - Batch 594/806 → inserted=984  skipped(dup)=16
[2026-05-05T13:35:44.074+0000] {globalretail_etl_dag.py:399} INFO - Batch 595/806 → inserted=994  skipped(dup)=6
[2026-05-05T13:35:48.020+0000] {globalretail_etl_dag.py:399} INFO - Batch 596/806 → inserted=993  skipped(dup)=7
[2026-05-05T13:35:52.144+0000] {globalretail_etl_dag.py:399} INFO - Batch 597/806 → inserted=993  skipped(dup)=7
[2026-05-05T13:35:56.531+0000] {globalretail_etl_dag.py:399} INFO - Batch 598/806 → inserted=993  skipped(dup)=7
[2026-05-05T13:36:00.793+0000] {globalretail_etl_dag.py:399} INFO - Batch 599/806 → inserted=984  skipped(dup)=16
[2026-05-05T13:36:04.865+0000] {globalretail_etl_dag.py:399} INFO - Batch 600/806 → inserted=990  skipped(dup)=10
[2026-05-05T13:36:07.882+0000] {globalretail_etl_dag.py:399} INFO - Batch 601/806 → inserted=995  skipped(dup)=5
[2026-05-05T13:36:11.053+0000] {globalretail_etl_dag.py:399} INFO - Batch 602/806 → inserted=995  skipped(dup)=5
[2026-05-05T13:36:15.106+0000] {globalretail_etl_dag.py:399} INFO - Batch 603/806 → inserted=999  skipped(dup)=1
[2026-05-05T13:36:18.024+0000] {globalretail_etl_dag.py:399} INFO - Batch 604/806 → inserted=995  skipped(dup)=5
[2026-05-05T13:36:22.000+0000] {globalretail_etl_dag.py:399} INFO - Batch 605/806 → inserted=994  skipped(dup)=6
[2026-05-05T13:36:25.951+0000] {globalretail_etl_dag.py:399} INFO - Batch 606/806 → inserted=991  skipped(dup)=9
[2026-05-05T13:36:28.978+0000] {globalretail_etl_dag.py:399} INFO - Batch 607/806 → inserted=993  skipped(dup)=7
[2026-05-05T13:36:32.640+0000] {globalretail_etl_dag.py:399} INFO - Batch 608/806 → inserted=993  skipped(dup)=7
[2026-05-05T13:36:34.980+0000] {globalretail_etl_dag.py:399} INFO - Batch 609/806 → inserted=996  skipped(dup)=4
[2026-05-05T13:36:36.514+0000] {globalretail_etl_dag.py:399} INFO - Batch 610/806 → inserted=993  skipped(dup)=7
[2026-05-05T13:36:37.844+0000] {globalretail_etl_dag.py:399} INFO - Batch 611/806 → inserted=993  skipped(dup)=7
[2026-05-05T13:36:42.087+0000] {globalretail_etl_dag.py:399} INFO - Batch 612/806 → inserted=997  skipped(dup)=3
[2026-05-05T13:36:45.750+0000] {globalretail_etl_dag.py:399} INFO - Batch 613/806 → inserted=981  skipped(dup)=19
[2026-05-05T13:36:49.839+0000] {globalretail_etl_dag.py:399} INFO - Batch 614/806 → inserted=990  skipped(dup)=10
[2026-05-05T13:36:54.024+0000] {globalretail_etl_dag.py:399} INFO - Batch 615/806 → inserted=993  skipped(dup)=7
[2026-05-05T13:36:57.981+0000] {globalretail_etl_dag.py:399} INFO - Batch 616/806 → inserted=998  skipped(dup)=2
[2026-05-05T13:37:00.305+0000] {globalretail_etl_dag.py:399} INFO - Batch 617/806 → inserted=999  skipped(dup)=1
[2026-05-05T13:37:04.837+0000] {globalretail_etl_dag.py:399} INFO - Batch 618/806 → inserted=994  skipped(dup)=6
[2026-05-05T13:37:08.992+0000] {globalretail_etl_dag.py:399} INFO - Batch 619/806 → inserted=993  skipped(dup)=7
[2026-05-05T13:37:13.198+0000] {globalretail_etl_dag.py:399} INFO - Batch 620/806 → inserted=993  skipped(dup)=7
[2026-05-05T13:37:17.753+0000] {globalretail_etl_dag.py:399} INFO - Batch 621/806 → inserted=998  skipped(dup)=2
[2026-05-05T13:37:21.792+0000] {globalretail_etl_dag.py:399} INFO - Batch 622/806 → inserted=993  skipped(dup)=7
[2026-05-05T13:37:25.913+0000] {globalretail_etl_dag.py:399} INFO - Batch 623/806 → inserted=995  skipped(dup)=5
[2026-05-05T13:37:29.943+0000] {globalretail_etl_dag.py:399} INFO - Batch 624/806 → inserted=995  skipped(dup)=5
[2026-05-05T13:37:32.926+0000] {globalretail_etl_dag.py:399} INFO - Batch 625/806 → inserted=987  skipped(dup)=13
[2026-05-05T13:37:36.084+0000] {globalretail_etl_dag.py:399} INFO - Batch 626/806 → inserted=986  skipped(dup)=14
[2026-05-05T13:37:40.192+0000] {globalretail_etl_dag.py:399} INFO - Batch 627/806 → inserted=996  skipped(dup)=4
[2026-05-05T13:37:43.229+0000] {globalretail_etl_dag.py:399} INFO - Batch 628/806 → inserted=997  skipped(dup)=3
[2026-05-05T13:37:44.241+0000] {globalretail_etl_dag.py:399} INFO - Batch 629/806 → inserted=996  skipped(dup)=4
[2026-05-05T13:37:45.290+0000] {globalretail_etl_dag.py:399} INFO - Batch 630/806 → inserted=982  skipped(dup)=18
[2026-05-05T13:37:47.374+0000] {globalretail_etl_dag.py:399} INFO - Batch 631/806 → inserted=994  skipped(dup)=6
[2026-05-05T13:37:51.164+0000] {globalretail_etl_dag.py:399} INFO - Batch 632/806 → inserted=992  skipped(dup)=8
[2026-05-05T13:37:55.313+0000] {globalretail_etl_dag.py:399} INFO - Batch 633/806 → inserted=965  skipped(dup)=35
[2026-05-05T13:37:59.164+0000] {globalretail_etl_dag.py:399} INFO - Batch 634/806 → inserted=995  skipped(dup)=5
[2026-05-05T13:38:02.576+0000] {globalretail_etl_dag.py:399} INFO - Batch 635/806 → inserted=991  skipped(dup)=9
[2026-05-05T13:38:07.090+0000] {globalretail_etl_dag.py:399} INFO - Batch 636/806 → inserted=998  skipped(dup)=2
[2026-05-05T13:38:10.005+0000] {globalretail_etl_dag.py:399} INFO - Batch 637/806 → inserted=980  skipped(dup)=20
[2026-05-05T13:38:14.065+0000] {globalretail_etl_dag.py:399} INFO - Batch 638/806 → inserted=982  skipped(dup)=18
[2026-05-05T13:38:18.441+0000] {globalretail_etl_dag.py:399} INFO - Batch 639/806 → inserted=994  skipped(dup)=6
[2026-05-05T13:38:22.358+0000] {globalretail_etl_dag.py:399} INFO - Batch 640/806 → inserted=993  skipped(dup)=7
[2026-05-05T13:38:25.411+0000] {globalretail_etl_dag.py:399} INFO - Batch 641/806 → inserted=995  skipped(dup)=5
[2026-05-05T13:38:28.515+0000] {globalretail_etl_dag.py:399} INFO - Batch 642/806 → inserted=999  skipped(dup)=1
[2026-05-05T13:38:32.399+0000] {globalretail_etl_dag.py:399} INFO - Batch 643/806 → inserted=987  skipped(dup)=13
[2026-05-05T13:38:35.642+0000] {globalretail_etl_dag.py:399} INFO - Batch 644/806 → inserted=991  skipped(dup)=9
[2026-05-05T13:38:39.578+0000] {globalretail_etl_dag.py:399} INFO - Batch 645/806 → inserted=966  skipped(dup)=34
[2026-05-05T13:38:41.777+0000] {globalretail_etl_dag.py:399} INFO - Batch 646/806 → inserted=977  skipped(dup)=23
[2026-05-05T13:38:43.542+0000] {globalretail_etl_dag.py:399} INFO - Batch 647/806 → inserted=990  skipped(dup)=10
[2026-05-05T13:38:44.660+0000] {globalretail_etl_dag.py:399} INFO - Batch 648/806 → inserted=988  skipped(dup)=12
[2026-05-05T13:38:47.196+0000] {globalretail_etl_dag.py:399} INFO - Batch 649/806 → inserted=999  skipped(dup)=1
[2026-05-05T13:38:48.793+0000] {globalretail_etl_dag.py:399} INFO - Batch 650/806 → inserted=995  skipped(dup)=5
[2026-05-05T13:38:50.539+0000] {globalretail_etl_dag.py:399} INFO - Batch 651/806 → inserted=994  skipped(dup)=6
[2026-05-05T13:38:53.500+0000] {globalretail_etl_dag.py:399} INFO - Batch 652/806 → inserted=994  skipped(dup)=6
[2026-05-05T13:38:54.910+0000] {globalretail_etl_dag.py:399} INFO - Batch 653/806 → inserted=1000  skipped(dup)=0
[2026-05-05T13:38:58.574+0000] {globalretail_etl_dag.py:399} INFO - Batch 654/806 → inserted=987  skipped(dup)=13
[2026-05-05T13:39:02.467+0000] {globalretail_etl_dag.py:399} INFO - Batch 655/806 → inserted=991  skipped(dup)=9
[2026-05-05T13:39:05.858+0000] {globalretail_etl_dag.py:399} INFO - Batch 656/806 → inserted=993  skipped(dup)=7
[2026-05-05T13:39:10.095+0000] {globalretail_etl_dag.py:399} INFO - Batch 657/806 → inserted=980  skipped(dup)=20
[2026-05-05T13:39:14.170+0000] {globalretail_etl_dag.py:399} INFO - Batch 658/806 → inserted=997  skipped(dup)=3
[2026-05-05T13:39:16.965+0000] {globalretail_etl_dag.py:399} INFO - Batch 659/806 → inserted=994  skipped(dup)=6
[2026-05-05T13:39:21.032+0000] {globalretail_etl_dag.py:399} INFO - Batch 660/806 → inserted=994  skipped(dup)=6
[2026-05-05T13:39:25.158+0000] {globalretail_etl_dag.py:399} INFO - Batch 661/806 → inserted=998  skipped(dup)=2
[2026-05-05T13:39:29.079+0000] {globalretail_etl_dag.py:399} INFO - Batch 662/806 → inserted=998  skipped(dup)=2
[2026-05-05T13:39:32.103+0000] {globalretail_etl_dag.py:399} INFO - Batch 663/806 → inserted=992  skipped(dup)=8
[2026-05-05T13:39:35.573+0000] {globalretail_etl_dag.py:399} INFO - Batch 664/806 → inserted=989  skipped(dup)=11
[2026-05-05T13:39:39.648+0000] {globalretail_etl_dag.py:399} INFO - Batch 665/806 → inserted=976  skipped(dup)=24
[2026-05-05T13:39:43.563+0000] {globalretail_etl_dag.py:399} INFO - Batch 666/806 → inserted=975  skipped(dup)=25
[2026-05-05T13:39:46.627+0000] {globalretail_etl_dag.py:399} INFO - Batch 667/806 → inserted=999  skipped(dup)=1
[2026-05-05T13:39:49.433+0000] {globalretail_etl_dag.py:399} INFO - Batch 668/806 → inserted=998  skipped(dup)=2
[2026-05-05T13:39:52.461+0000] {globalretail_etl_dag.py:399} INFO - Batch 669/806 → inserted=997  skipped(dup)=3
[2026-05-05T13:39:55.387+0000] {globalretail_etl_dag.py:399} INFO - Batch 670/806 → inserted=994  skipped(dup)=6
[2026-05-05T13:39:58.624+0000] {globalretail_etl_dag.py:399} INFO - Batch 671/806 → inserted=982  skipped(dup)=18
[2026-05-05T13:40:01.756+0000] {globalretail_etl_dag.py:399} INFO - Batch 672/806 → inserted=996  skipped(dup)=4
[2026-05-05T13:40:05.893+0000] {globalretail_etl_dag.py:399} INFO - Batch 673/806 → inserted=997  skipped(dup)=3
[2026-05-05T13:40:09.768+0000] {globalretail_etl_dag.py:399} INFO - Batch 674/806 → inserted=998  skipped(dup)=2
[2026-05-05T13:40:11.259+0000] {globalretail_etl_dag.py:399} INFO - Batch 675/806 → inserted=983  skipped(dup)=17
[2026-05-05T13:40:12.936+0000] {globalretail_etl_dag.py:399} INFO - Batch 676/806 → inserted=987  skipped(dup)=13
[2026-05-05T13:40:14.238+0000] {globalretail_etl_dag.py:399} INFO - Batch 677/806 → inserted=985  skipped(dup)=15
[2026-05-05T13:40:16.033+0000] {globalretail_etl_dag.py:399} INFO - Batch 678/806 → inserted=990  skipped(dup)=10
[2026-05-05T13:40:17.992+0000] {globalretail_etl_dag.py:399} INFO - Batch 679/806 → inserted=973  skipped(dup)=27
[2026-05-05T13:40:20.112+0000] {globalretail_etl_dag.py:399} INFO - Batch 680/806 → inserted=988  skipped(dup)=12
[2026-05-05T13:40:21.660+0000] {globalretail_etl_dag.py:399} INFO - Batch 681/806 → inserted=966  skipped(dup)=34
[2026-05-05T13:40:26.099+0000] {globalretail_etl_dag.py:399} INFO - Batch 682/806 → inserted=998  skipped(dup)=2
[2026-05-05T13:40:30.612+0000] {globalretail_etl_dag.py:399} INFO - Batch 683/806 → inserted=988  skipped(dup)=12
[2026-05-05T13:40:33.622+0000] {globalretail_etl_dag.py:399} INFO - Batch 684/806 → inserted=971  skipped(dup)=29
[2026-05-05T13:40:34.495+0000] {globalretail_etl_dag.py:399} INFO - Batch 685/806 → inserted=987  skipped(dup)=13
[2026-05-05T13:40:35.783+0000] {globalretail_etl_dag.py:399} INFO - Batch 686/806 → inserted=996  skipped(dup)=4
[2026-05-05T13:40:39.574+0000] {globalretail_etl_dag.py:399} INFO - Batch 687/806 → inserted=962  skipped(dup)=38
[2026-05-05T13:40:42.695+0000] {globalretail_etl_dag.py:399} INFO - Batch 688/806 → inserted=979  skipped(dup)=21
[2026-05-05T13:40:45.332+0000] {globalretail_etl_dag.py:399} INFO - Batch 689/806 → inserted=981  skipped(dup)=19
[2026-05-05T13:40:48.282+0000] {globalretail_etl_dag.py:399} INFO - Batch 690/806 → inserted=988  skipped(dup)=12
[2026-05-05T13:40:51.279+0000] {globalretail_etl_dag.py:399} INFO - Batch 691/806 → inserted=998  skipped(dup)=2
[2026-05-05T13:40:54.828+0000] {globalretail_etl_dag.py:399} INFO - Batch 692/806 → inserted=995  skipped(dup)=5
[2026-05-05T13:40:57.820+0000] {globalretail_etl_dag.py:399} INFO - Batch 693/806 → inserted=988  skipped(dup)=12
[2026-05-05T13:41:02.013+0000] {globalretail_etl_dag.py:399} INFO - Batch 694/806 → inserted=995  skipped(dup)=5
[2026-05-05T13:41:06.115+0000] {globalretail_etl_dag.py:399} INFO - Batch 695/806 → inserted=972  skipped(dup)=28
[2026-05-05T13:41:10.043+0000] {globalretail_etl_dag.py:399} INFO - Batch 696/806 → inserted=993  skipped(dup)=7
[2026-05-05T13:41:13.154+0000] {globalretail_etl_dag.py:399} INFO - Batch 697/806 → inserted=984  skipped(dup)=16
[2026-05-05T13:41:15.982+0000] {globalretail_etl_dag.py:399} INFO - Batch 698/806 → inserted=977  skipped(dup)=23
[2026-05-05T13:41:18.818+0000] {globalretail_etl_dag.py:399} INFO - Batch 699/806 → inserted=985  skipped(dup)=15
[2026-05-05T13:41:22.085+0000] {globalretail_etl_dag.py:399} INFO - Batch 700/806 → inserted=990  skipped(dup)=10
[2026-05-05T13:41:26.006+0000] {globalretail_etl_dag.py:399} INFO - Batch 701/806 → inserted=997  skipped(dup)=3
[2026-05-05T13:41:29.092+0000] {globalretail_etl_dag.py:399} INFO - Batch 702/806 → inserted=985  skipped(dup)=15
[2026-05-05T13:41:32.702+0000] {globalretail_etl_dag.py:399} INFO - Batch 703/806 → inserted=996  skipped(dup)=4
[2026-05-05T13:41:36.411+0000] {globalretail_etl_dag.py:399} INFO - Batch 704/806 → inserted=978  skipped(dup)=22
[2026-05-05T13:41:40.284+0000] {globalretail_etl_dag.py:399} INFO - Batch 705/806 → inserted=984  skipped(dup)=16
[2026-05-05T13:41:43.472+0000] {globalretail_etl_dag.py:399} INFO - Batch 706/806 → inserted=990  skipped(dup)=10
[2026-05-05T13:41:46.277+0000] {globalretail_etl_dag.py:399} INFO - Batch 707/806 → inserted=963  skipped(dup)=37
[2026-05-05T13:41:50.154+0000] {globalretail_etl_dag.py:399} INFO - Batch 708/806 → inserted=996  skipped(dup)=4
[2026-05-05T13:41:53.211+0000] {globalretail_etl_dag.py:399} INFO - Batch 709/806 → inserted=977  skipped(dup)=23
[2026-05-05T13:41:56.076+0000] {globalretail_etl_dag.py:399} INFO - Batch 710/806 → inserted=963  skipped(dup)=37
[2026-05-05T13:41:59.155+0000] {globalretail_etl_dag.py:399} INFO - Batch 711/806 → inserted=987  skipped(dup)=13
[2026-05-05T13:42:01.240+0000] {globalretail_etl_dag.py:399} INFO - Batch 712/806 → inserted=993  skipped(dup)=7
[2026-05-05T13:42:02.281+0000] {globalretail_etl_dag.py:399} INFO - Batch 713/806 → inserted=984  skipped(dup)=16
[2026-05-05T13:42:03.563+0000] {globalretail_etl_dag.py:399} INFO - Batch 714/806 → inserted=990  skipped(dup)=10
[2026-05-05T13:42:07.412+0000] {globalretail_etl_dag.py:399} INFO - Batch 715/806 → inserted=964  skipped(dup)=36
[2026-05-05T13:42:11.572+0000] {globalretail_etl_dag.py:399} INFO - Batch 716/806 → inserted=996  skipped(dup)=4
[2026-05-05T13:42:14.378+0000] {globalretail_etl_dag.py:399} INFO - Batch 717/806 → inserted=987  skipped(dup)=13
[2026-05-05T13:42:17.276+0000] {globalretail_etl_dag.py:399} INFO - Batch 718/806 → inserted=984  skipped(dup)=16
[2026-05-05T13:42:20.673+0000] {globalretail_etl_dag.py:399} INFO - Batch 719/806 → inserted=983  skipped(dup)=17
[2026-05-05T13:42:24.453+0000] {globalretail_etl_dag.py:399} INFO - Batch 720/806 → inserted=986  skipped(dup)=14
[2026-05-05T13:42:27.807+0000] {globalretail_etl_dag.py:399} INFO - Batch 721/806 → inserted=980  skipped(dup)=20
[2026-05-05T13:42:31.692+0000] {globalretail_etl_dag.py:399} INFO - Batch 722/806 → inserted=983  skipped(dup)=17
[2026-05-05T13:42:34.785+0000] {globalretail_etl_dag.py:399} INFO - Batch 723/806 → inserted=994  skipped(dup)=6
[2026-05-05T13:42:37.974+0000] {globalretail_etl_dag.py:399} INFO - Batch 724/806 → inserted=999  skipped(dup)=1
[2026-05-05T13:42:41.861+0000] {globalretail_etl_dag.py:399} INFO - Batch 725/806 → inserted=986  skipped(dup)=14
[2026-05-05T13:42:44.860+0000] {globalretail_etl_dag.py:399} INFO - Batch 726/806 → inserted=994  skipped(dup)=6
[2026-05-05T13:42:48.199+0000] {globalretail_etl_dag.py:399} INFO - Batch 727/806 → inserted=980  skipped(dup)=20
[2026-05-05T13:42:52.097+0000] {globalretail_etl_dag.py:399} INFO - Batch 728/806 → inserted=992  skipped(dup)=8
[2026-05-05T13:42:56.115+0000] {globalretail_etl_dag.py:399} INFO - Batch 729/806 → inserted=972  skipped(dup)=28
[2026-05-05T13:43:00.167+0000] {globalretail_etl_dag.py:399} INFO - Batch 730/806 → inserted=994  skipped(dup)=6
[2026-05-05T13:43:03.614+0000] {globalretail_etl_dag.py:399} INFO - Batch 731/806 → inserted=960  skipped(dup)=40
[2026-05-05T13:43:06.494+0000] {globalretail_etl_dag.py:399} INFO - Batch 732/806 → inserted=965  skipped(dup)=35
[2026-05-05T13:43:07.686+0000] {globalretail_etl_dag.py:399} INFO - Batch 733/806 → inserted=974  skipped(dup)=26
[2026-05-05T13:43:12.334+0000] {globalretail_etl_dag.py:399} INFO - Batch 734/806 → inserted=972  skipped(dup)=28
[2026-05-05T13:43:16.081+0000] {globalretail_etl_dag.py:399} INFO - Batch 735/806 → inserted=979  skipped(dup)=21
[2026-05-05T13:43:19.485+0000] {globalretail_etl_dag.py:399} INFO - Batch 736/806 → inserted=986  skipped(dup)=14
[2026-05-05T13:43:23.219+0000] {globalretail_etl_dag.py:399} INFO - Batch 737/806 → inserted=985  skipped(dup)=15
[2026-05-05T13:43:26.810+0000] {globalretail_etl_dag.py:399} INFO - Batch 738/806 → inserted=979  skipped(dup)=21
[2026-05-05T13:43:30.993+0000] {globalretail_etl_dag.py:399} INFO - Batch 739/806 → inserted=964  skipped(dup)=36
[2026-05-05T13:43:34.844+0000] {globalretail_etl_dag.py:399} INFO - Batch 740/806 → inserted=991  skipped(dup)=9
[2026-05-05T13:43:38.091+0000] {globalretail_etl_dag.py:399} INFO - Batch 741/806 → inserted=976  skipped(dup)=24
[2026-05-05T13:43:40.089+0000] {globalretail_etl_dag.py:399} INFO - Batch 742/806 → inserted=982  skipped(dup)=18
[2026-05-05T13:43:41.081+0000] {globalretail_etl_dag.py:399} INFO - Batch 743/806 → inserted=995  skipped(dup)=5
[2026-05-05T13:43:42.329+0000] {globalretail_etl_dag.py:399} INFO - Batch 744/806 → inserted=987  skipped(dup)=13
[2026-05-05T13:43:44.160+0000] {globalretail_etl_dag.py:399} INFO - Batch 745/806 → inserted=978  skipped(dup)=22
[2026-05-05T13:43:46.181+0000] {globalretail_etl_dag.py:399} INFO - Batch 746/806 → inserted=979  skipped(dup)=21
[2026-05-05T13:43:50.028+0000] {globalretail_etl_dag.py:399} INFO - Batch 747/806 → inserted=984  skipped(dup)=16
[2026-05-05T13:43:54.173+0000] {globalretail_etl_dag.py:399} INFO - Batch 748/806 → inserted=984  skipped(dup)=16
[2026-05-05T13:43:58.080+0000] {globalretail_etl_dag.py:399} INFO - Batch 749/806 → inserted=982  skipped(dup)=18
[2026-05-05T13:44:01.157+0000] {globalretail_etl_dag.py:399} INFO - Batch 750/806 → inserted=988  skipped(dup)=12
[2026-05-05T13:44:04.510+0000] {globalretail_etl_dag.py:399} INFO - Batch 751/806 → inserted=970  skipped(dup)=30
[2026-05-05T13:44:06.502+0000] {globalretail_etl_dag.py:399} INFO - Batch 752/806 → inserted=982  skipped(dup)=18
[2026-05-05T13:44:07.404+0000] {globalretail_etl_dag.py:399} INFO - Batch 753/806 → inserted=987  skipped(dup)=13
[2026-05-05T13:44:08.431+0000] {globalretail_etl_dag.py:399} INFO - Batch 754/806 → inserted=985  skipped(dup)=15
[2026-05-05T13:44:09.529+0000] {globalretail_etl_dag.py:399} INFO - Batch 755/806 → inserted=991  skipped(dup)=9
[2026-05-05T13:44:13.698+0000] {globalretail_etl_dag.py:399} INFO - Batch 756/806 → inserted=972  skipped(dup)=28
[2026-05-05T13:44:17.694+0000] {globalretail_etl_dag.py:399} INFO - Batch 757/806 → inserted=967  skipped(dup)=33
[2026-05-05T13:44:21.610+0000] {globalretail_etl_dag.py:399} INFO - Batch 758/806 → inserted=989  skipped(dup)=11
[2026-05-05T13:44:24.871+0000] {globalretail_etl_dag.py:399} INFO - Batch 759/806 → inserted=985  skipped(dup)=15
[2026-05-05T13:44:28.785+0000] {globalretail_etl_dag.py:399} INFO - Batch 760/806 → inserted=968  skipped(dup)=32
[2026-05-05T13:44:32.072+0000] {globalretail_etl_dag.py:399} INFO - Batch 761/806 → inserted=991  skipped(dup)=9
[2026-05-05T13:44:36.050+0000] {globalretail_etl_dag.py:399} INFO - Batch 762/806 → inserted=968  skipped(dup)=32
[2026-05-05T13:44:39.191+0000] {globalretail_etl_dag.py:399} INFO - Batch 763/806 → inserted=981  skipped(dup)=19
[2026-05-05T13:44:43.295+0000] {globalretail_etl_dag.py:399} INFO - Batch 764/806 → inserted=946  skipped(dup)=54
[2026-05-05T13:44:47.115+0000] {globalretail_etl_dag.py:399} INFO - Batch 765/806 → inserted=986  skipped(dup)=14
[2026-05-05T13:44:50.406+0000] {globalretail_etl_dag.py:399} INFO - Batch 766/806 → inserted=989  skipped(dup)=11
[2026-05-05T13:44:52.189+0000] {globalretail_etl_dag.py:399} INFO - Batch 767/806 → inserted=977  skipped(dup)=23
[2026-05-05T13:44:53.321+0000] {globalretail_etl_dag.py:399} INFO - Batch 768/806 → inserted=975  skipped(dup)=25
[2026-05-05T13:44:57.231+0000] {globalretail_etl_dag.py:399} INFO - Batch 769/806 → inserted=989  skipped(dup)=11
[2026-05-05T13:45:00.337+0000] {globalretail_etl_dag.py:399} INFO - Batch 770/806 → inserted=967  skipped(dup)=33
[2026-05-05T13:45:03.462+0000] {globalretail_etl_dag.py:399} INFO - Batch 771/806 → inserted=982  skipped(dup)=18
[2026-05-05T13:45:07.417+0000] {globalretail_etl_dag.py:399} INFO - Batch 772/806 → inserted=979  skipped(dup)=21
[2026-05-05T13:45:10.453+0000] {globalretail_etl_dag.py:399} INFO - Batch 773/806 → inserted=985  skipped(dup)=15
[2026-05-05T13:45:13.519+0000] {globalretail_etl_dag.py:399} INFO - Batch 774/806 → inserted=977  skipped(dup)=23
[2026-05-05T13:45:17.296+0000] {globalretail_etl_dag.py:399} INFO - Batch 775/806 → inserted=988  skipped(dup)=12
[2026-05-05T13:45:20.987+0000] {globalretail_etl_dag.py:399} INFO - Batch 776/806 → inserted=974  skipped(dup)=26
[2026-05-05T13:45:25.053+0000] {globalretail_etl_dag.py:399} INFO - Batch 777/806 → inserted=984  skipped(dup)=16
[2026-05-05T13:45:29.175+0000] {globalretail_etl_dag.py:399} INFO - Batch 778/806 → inserted=955  skipped(dup)=45
[2026-05-05T13:45:31.235+0000] {globalretail_etl_dag.py:399} INFO - Batch 779/806 → inserted=957  skipped(dup)=43
[2026-05-05T13:45:33.319+0000] {globalretail_etl_dag.py:399} INFO - Batch 780/806 → inserted=959  skipped(dup)=41
[2026-05-05T13:45:35.349+0000] {globalretail_etl_dag.py:399} INFO - Batch 781/806 → inserted=970  skipped(dup)=30
[2026-05-05T13:45:37.397+0000] {globalretail_etl_dag.py:399} INFO - Batch 782/806 → inserted=963  skipped(dup)=37
[2026-05-05T13:45:40.428+0000] {globalretail_etl_dag.py:399} INFO - Batch 783/806 → inserted=982  skipped(dup)=18
[2026-05-05T13:45:44.296+0000] {globalretail_etl_dag.py:399} INFO - Batch 784/806 → inserted=994  skipped(dup)=6
[2026-05-05T13:45:48.179+0000] {globalretail_etl_dag.py:399} INFO - Batch 785/806 → inserted=979  skipped(dup)=21
[2026-05-05T13:45:51.918+0000] {globalretail_etl_dag.py:399} INFO - Batch 786/806 → inserted=957  skipped(dup)=43
[2026-05-05T13:45:55.183+0000] {globalretail_etl_dag.py:399} INFO - Batch 787/806 → inserted=988  skipped(dup)=12
[2026-05-05T13:45:58.193+0000] {globalretail_etl_dag.py:399} INFO - Batch 788/806 → inserted=991  skipped(dup)=9
[2026-05-05T13:46:01.365+0000] {globalretail_etl_dag.py:399} INFO - Batch 789/806 → inserted=999  skipped(dup)=1
[2026-05-05T13:46:04.373+0000] {globalretail_etl_dag.py:399} INFO - Batch 790/806 → inserted=994  skipped(dup)=6
[2026-05-05T13:46:07.442+0000] {globalretail_etl_dag.py:399} INFO - Batch 791/806 → inserted=984  skipped(dup)=16
[2026-05-05T13:46:10.861+0000] {globalretail_etl_dag.py:399} INFO - Batch 792/806 → inserted=966  skipped(dup)=34
[2026-05-05T13:46:14.762+0000] {globalretail_etl_dag.py:399} INFO - Batch 793/806 → inserted=976  skipped(dup)=24
[2026-05-05T13:46:16.659+0000] {globalretail_etl_dag.py:399} INFO - Batch 794/806 → inserted=967  skipped(dup)=33
[2026-05-05T13:46:17.752+0000] {globalretail_etl_dag.py:399} INFO - Batch 795/806 → inserted=989  skipped(dup)=11
[2026-05-05T13:46:21.170+0000] {globalretail_etl_dag.py:399} INFO - Batch 796/806 → inserted=986  skipped(dup)=14
[2026-05-05T13:46:22.706+0000] {globalretail_etl_dag.py:399} INFO - Batch 797/806 → inserted=986  skipped(dup)=14
[2026-05-05T13:46:24.197+0000] {globalretail_etl_dag.py:399} INFO - Batch 798/806 → inserted=998  skipped(dup)=2
[2026-05-05T13:46:26.194+0000] {globalretail_etl_dag.py:399} INFO - Batch 799/806 → inserted=978  skipped(dup)=22
[2026-05-05T13:46:27.704+0000] {globalretail_etl_dag.py:399} INFO - Batch 800/806 → inserted=974  skipped(dup)=26
[2026-05-05T13:46:28.857+0000] {globalretail_etl_dag.py:399} INFO - Batch 801/806 → inserted=996  skipped(dup)=4
[2026-05-05T13:46:30.735+0000] {globalretail_etl_dag.py:399} INFO - Batch 802/806 → inserted=970  skipped(dup)=30
[2026-05-05T13:46:32.117+0000] {globalretail_etl_dag.py:399} INFO - Batch 803/806 → inserted=993  skipped(dup)=7
[2026-05-05T13:46:34.098+0000] {globalretail_etl_dag.py:399} INFO - Batch 804/806 → inserted=987  skipped(dup)=13
[2026-05-05T13:46:36.073+0000] {globalretail_etl_dag.py:399} INFO - Batch 805/806 → inserted=986  skipped(dup)=14
[2026-05-05T13:46:37.476+0000] {globalretail_etl_dag.py:399} INFO - Batch 806/806 → inserted=542  skipped(dup)=7
[2026-05-05T13:46:37.477+0000] {globalretail_etl_dag.py:412} INFO - Bulk load done: inserted=620830  skipped=184719
[2026-05-05T13:46:38.122+0000] {globalretail_etl_dag.py:429} INFO - Watermark updated → 2011-12-09 12:50:00
[2026-05-05T13:46:39.122+0000] {globalretail_etl_dag.py:436} INFO - LOAD     finished in 2409.2s | inserted=620830 | skipped=184719
[2026-05-05T13:46:42.746+0000] {python.py:237} INFO - Done. Returned value was: None
[2026-05-05T13:46:42.747+0000] {taskinstance.py:441} INFO - ::group::Post task execution logs
[2026-05-05T13:46:42.761+0000] {taskinstance.py:1205} INFO - Marking task as SUCCESS. dag_id=globalretail_etl_pipeline, task_id=load_to_mongo, execution_date=20260505T123452, start_date=20260505T130629, end_date=20260505T134642
[2026-05-05T13:46:42.816+0000] {local_task_job_runner.py:240} INFO - Task exited with return code 0
[2026-05-05T13:46:42.878+0000] {taskinstance.py:3482} INFO - 0 downstream tasks scheduled from follow-on schedule check
[2026-05-05T13:46:42.882+0000] {local_task_job_runner.py:222} INFO - ::endgroup::
