[2026-05-05T12:22:59.533+0000] {local_task_job_runner.py:120} INFO - ::group::Pre task execution logs
[2026-05-05T12:22:59.557+0000] {taskinstance.py:2073} INFO - Dependencies all met for dep_context=non-requeueable deps ti=<TaskInstance: globalretail_etl_pipeline.extract_data manual__2026-05-05T12:12:41+00:00 [queued]>
[2026-05-05T12:22:59.563+0000] {taskinstance.py:2073} INFO - Dependencies all met for dep_context=requeueable deps ti=<TaskInstance: globalretail_etl_pipeline.extract_data manual__2026-05-05T12:12:41+00:00 [queued]>
[2026-05-05T12:22:59.564+0000] {taskinstance.py:2303} INFO - Starting attempt 2 of 2
[2026-05-05T12:22:59.574+0000] {taskinstance.py:2327} INFO - Executing <Task(PythonOperator): extract_data> on 2026-05-05 12:12:41+00:00
[2026-05-05T12:22:59.587+0000] {logging_mixin.py:188} WARNING - /home/***/.local/lib/python3.12/site-packages/***/task/task_runner/standard_task_runner.py:61 DeprecationWarning: This process (pid=972) is multi-threaded, use of fork() may lead to deadlocks in the child.
[2026-05-05T12:22:59.585+0000] {standard_task_runner.py:90} INFO - Running: ['***', 'tasks', 'run', 'globalretail_etl_pipeline', 'extract_data', 'manual__2026-05-05T12:12:41+00:00', '--job-id', '6', '--raw', '--subdir', 'DAGS_FOLDER/globalretail_etl_dag.py', '--cfg-path', '/tmp/tmp96gycl_m']
[2026-05-05T12:22:59.588+0000] {standard_task_runner.py:63} INFO - Started process 974 to run task
[2026-05-05T12:22:59.588+0000] {standard_task_runner.py:91} INFO - Job 6: Subtask extract_data
[2026-05-05T12:22:59.648+0000] {task_command.py:426} INFO - Running <TaskInstance: globalretail_etl_pipeline.extract_data manual__2026-05-05T12:12:41+00:00 [running]> on host f4241225583d
[2026-05-05T12:22:59.720+0000] {taskinstance.py:2644} INFO - Exporting env vars: AIRFLOW_CTX_DAG_OWNER='data-engineering' AIRFLOW_CTX_DAG_ID='globalretail_etl_pipeline' AIRFLOW_CTX_TASK_ID='extract_data' AIRFLOW_CTX_EXECUTION_DATE='2026-05-05T12:12:41+00:00' AIRFLOW_CTX_TRY_NUMBER='2' AIRFLOW_CTX_DAG_RUN_ID='manual__2026-05-05T12:12:41+00:00'
[2026-05-05T12:22:59.721+0000] {taskinstance.py:430} INFO - ::endgroup::
[2026-05-05T12:22:59.732+0000] {globalretail_etl_dag.py:97} INFO - ================================================================
[2026-05-05T12:22:59.732+0000] {globalretail_etl_dag.py:98} INFO - EXTRACT  started at 2026-05-05T12:22:59.732610
[2026-05-05T12:22:59.733+0000] {globalretail_etl_dag.py:99} INFO - ================================================================
[2026-05-05T12:23:00.738+0000] {globalretail_etl_dag.py:117} INFO - No watermark — full load.
[2026-05-05T12:23:00.739+0000] {globalretail_etl_dag.py:126} INFO - Reading /opt/airflow/data/online_retail.csv …
[2026-05-05T12:23:02.198+0000] {globalretail_etl_dag.py:139} INFO - CSV rows total: 1067371 | Columns: ['InvoiceNo', 'StockCode', 'Description', 'Quantity', 'InvoiceDate', 'UnitPrice', 'CustomerID', 'Country']
[2026-05-05T12:23:02.885+0000] {globalretail_etl_dag.py:144} INFO - Rows after watermark filter (>2000-01-01 00:00:00): 1067371
[2026-05-05T12:23:03.571+0000] {globalretail_etl_dag.py:149} INFO - Fetching REST Countries API…
[2026-05-05T12:23:03.571+0000] {globalretail_etl_dag.py:68} INFO - GET https://restcountries.com/v3.1/all  (attempt 1/3)
[2026-05-05T12:23:04.050+0000] {globalretail_etl_dag.py:77} WARNING - Request error (400 Client Error: Bad Request for url: https://restcountries.com/v3.1/all). Retrying in 1s…
[2026-05-05T12:23:05.051+0000] {globalretail_etl_dag.py:68} INFO - GET https://restcountries.com/v3.1/all  (attempt 2/3)
[2026-05-05T12:23:05.477+0000] {globalretail_etl_dag.py:77} WARNING - Request error (400 Client Error: Bad Request for url: https://restcountries.com/v3.1/all). Retrying in 2s…
[2026-05-05T12:23:07.478+0000] {globalretail_etl_dag.py:68} INFO - GET https://restcountries.com/v3.1/all  (attempt 3/3)
[2026-05-05T12:23:07.900+0000] {globalretail_etl_dag.py:75} ERROR - All 3 attempts failed for https://restcountries.com/v3.1/all: 400 Client Error: Bad Request for url: https://restcountries.com/v3.1/all
[2026-05-05T12:23:07.901+0000] {globalretail_etl_dag.py:153} ERROR - REST Countries API failed — aborting extract: 400 Client Error: Bad Request for url: https://restcountries.com/v3.1/all
[2026-05-05T12:23:07.902+0000] {taskinstance.py:441} INFO - ::group::Post task execution logs
[2026-05-05T12:23:07.902+0000] {taskinstance.py:2890} ERROR - Task failed with exception
Traceback (most recent call last):
  File "/home/airflow/.local/lib/python3.12/site-packages/airflow/models/taskinstance.py", line 465, in _execute_task
    result = _execute_callable(context=context, **execute_callable_kwargs)
             ^^^^^^^^^^^^^^^^^^^^^^^^^^^^^^^^^^^^^^^^^^^^^^^^^^^^^^^^^^^^^
  File "/home/airflow/.local/lib/python3.12/site-packages/airflow/models/taskinstance.py", line 432, in _execute_callable
    return execute_callable(context=context, **execute_callable_kwargs)
           ^^^^^^^^^^^^^^^^^^^^^^^^^^^^^^^^^^^^^^^^^^^^^^^^^^^^^^^^^^^^
  File "/home/airflow/.local/lib/python3.12/site-packages/airflow/models/baseoperator.py", line 400, in wrapper
    return func(self, *args, **kwargs)
           ^^^^^^^^^^^^^^^^^^^^^^^^^^^
  File "/home/airflow/.local/lib/python3.12/site-packages/airflow/operators/python.py", line 235, in execute
    return_value = self.execute_callable()
                   ^^^^^^^^^^^^^^^^^^^^^^^
  File "/home/airflow/.local/lib/python3.12/site-packages/airflow/operators/python.py", line 252, in execute_callable
    return self.python_callable(*self.op_args, **self.op_kwargs)
           ^^^^^^^^^^^^^^^^^^^^^^^^^^^^^^^^^^^^^^^^^^^^^^^^^^^^^
  File "/opt/airflow/dags/globalretail_etl_dag.py", line 151, in extract_data
    raw_countries = _fetch_with_retry(COUNTRIES_API)
                    ^^^^^^^^^^^^^^^^^^^^^^^^^^^^^^^^
  File "/opt/airflow/dags/globalretail_etl_dag.py", line 70, in _fetch_with_retry
    r.raise_for_status()
  File "/home/airflow/.local/lib/python3.12/site-packages/requests/models.py", line 1021, in raise_for_status
    raise HTTPError(http_error_msg, response=self)
requests.exceptions.HTTPError: 400 Client Error: Bad Request for url: https://restcountries.com/v3.1/all
[2026-05-05T12:23:07.913+0000] {taskinstance.py:1205} INFO - Marking task as FAILED. dag_id=globalretail_etl_pipeline, task_id=extract_data, execution_date=20260505T121241, start_date=20260505T122259, end_date=20260505T122307
[2026-05-05T12:23:07.929+0000] {standard_task_runner.py:110} ERROR - Failed to execute job 6 for task extract_data (400 Client Error: Bad Request for url: https://restcountries.com/v3.1/all; 974)
[2026-05-05T12:23:07.992+0000] {local_task_job_runner.py:240} INFO - Task exited with return code 1
[2026-05-05T12:23:08.011+0000] {taskinstance.py:3482} INFO - 0 downstream tasks scheduled from follow-on schedule check
[2026-05-05T12:23:08.017+0000] {local_task_job_runner.py:222} INFO - ::endgroup::
