[2026-05-05T12:34:53.855+0000] {local_task_job_runner.py:120} INFO - ::group::Pre task execution logs
[2026-05-05T12:34:53.880+0000] {taskinstance.py:2073} INFO - Dependencies all met for dep_context=non-requeueable deps ti=<TaskInstance: globalretail_etl_pipeline.extract_data manual__2026-05-05T12:34:52+00:00 [queued]>
[2026-05-05T12:34:53.887+0000] {taskinstance.py:2073} INFO - Dependencies all met for dep_context=requeueable deps ti=<TaskInstance: globalretail_etl_pipeline.extract_data manual__2026-05-05T12:34:52+00:00 [queued]>
[2026-05-05T12:34:53.888+0000] {taskinstance.py:2303} INFO - Starting attempt 1 of 2
[2026-05-05T12:34:53.898+0000] {taskinstance.py:2327} INFO - Executing <Task(PythonOperator): extract_data> on 2026-05-05 12:34:52+00:00
[2026-05-05T12:34:53.910+0000] {logging_mixin.py:188} WARNING - /home/***/.local/lib/python3.12/site-packages/***/task/task_runner/standard_task_runner.py:61 DeprecationWarning: This process (pid=1525) is multi-threaded, use of fork() may lead to deadlocks in the child.
[2026-05-05T12:34:53.908+0000] {standard_task_runner.py:90} INFO - Running: ['***', 'tasks', 'run', 'globalretail_etl_pipeline', 'extract_data', 'manual__2026-05-05T12:34:52+00:00', '--job-id', '11', '--raw', '--subdir', 'DAGS_FOLDER/globalretail_etl_dag.py', '--cfg-path', '/tmp/tmpc1w977oh']
[2026-05-05T12:34:53.911+0000] {standard_task_runner.py:63} INFO - Started process 1527 to run task
[2026-05-05T12:34:53.912+0000] {standard_task_runner.py:91} INFO - Job 11: Subtask extract_data
[2026-05-05T12:34:53.975+0000] {task_command.py:426} INFO - Running <TaskInstance: globalretail_etl_pipeline.extract_data manual__2026-05-05T12:34:52+00:00 [running]> on host f4241225583d
[2026-05-05T12:34:54.045+0000] {taskinstance.py:2644} INFO - Exporting env vars: AIRFLOW_CTX_DAG_OWNER='data-engineering' AIRFLOW_CTX_DAG_ID='globalretail_etl_pipeline' AIRFLOW_CTX_TASK_ID='extract_data' AIRFLOW_CTX_EXECUTION_DATE='2026-05-05T12:34:52+00:00' AIRFLOW_CTX_TRY_NUMBER='1' AIRFLOW_CTX_DAG_RUN_ID='manual__2026-05-05T12:34:52+00:00'
[2026-05-05T12:34:54.047+0000] {taskinstance.py:430} INFO - ::endgroup::
[2026-05-05T12:34:54.057+0000] {globalretail_etl_dag.py:97} INFO - ================================================================
[2026-05-05T12:34:54.058+0000] {globalretail_etl_dag.py:98} INFO - EXTRACT  started at 2026-05-05T12:34:54.058504
[2026-05-05T12:34:54.058+0000] {globalretail_etl_dag.py:99} INFO - ================================================================
[2026-05-05T12:34:54.707+0000] {globalretail_etl_dag.py:117} INFO - No watermark — full load.
[2026-05-05T12:34:54.708+0000] {globalretail_etl_dag.py:126} INFO - Reading /opt/airflow/data/online_retail.csv …
[2026-05-05T12:34:56.045+0000] {globalretail_etl_dag.py:139} INFO - CSV rows total: 1067371 | Columns: ['InvoiceNo', 'StockCode', 'Description', 'Quantity', 'InvoiceDate', 'UnitPrice', 'CustomerID', 'Country']
[2026-05-05T12:34:56.594+0000] {globalretail_etl_dag.py:144} INFO - Rows after watermark filter (>2000-01-01 00:00:00): 1067371
[2026-05-05T12:34:57.260+0000] {globalretail_etl_dag.py:149} INFO - Fetching REST Countries API…
[2026-05-05T12:34:57.261+0000] {globalretail_etl_dag.py:68} INFO - GET https://restcountries.com/v3.1/all?fields=name,region,subregion,population  (attempt 1/3)
[2026-05-05T12:34:57.963+0000] {globalretail_etl_dag.py:170} INFO - Countries mapped: 255
[2026-05-05T12:34:57.967+0000] {globalretail_etl_dag.py:175} INFO - Fetching GBP → EUR exchange rate…
[2026-05-05T12:34:57.968+0000] {globalretail_etl_dag.py:68} INFO - GET https://api.frankfurter.dev/v1/latest  (attempt 1/3)
[2026-05-05T12:34:58.156+0000] {globalretail_etl_dag.py:183} INFO - GBP → EUR: 1.158000  (date: 2026-05-04)
[2026-05-05T12:34:58.160+0000] {globalretail_etl_dag.py:193} INFO - EXTRACT  finished in 4.1s | extracted=1067371 / total_csv=1067371
[2026-05-05T12:34:58.225+0000] {python.py:237} INFO - Done. Returned value was: None
[2026-05-05T12:34:58.225+0000] {taskinstance.py:441} INFO - ::group::Post task execution logs
[2026-05-05T12:34:58.234+0000] {taskinstance.py:1205} INFO - Marking task as SUCCESS. dag_id=globalretail_etl_pipeline, task_id=extract_data, execution_date=20260505T123452, start_date=20260505T123453, end_date=20260505T123458
[2026-05-05T12:34:58.267+0000] {local_task_job_runner.py:240} INFO - Task exited with return code 0
[2026-05-05T12:34:58.290+0000] {taskinstance.py:3482} INFO - 1 downstream tasks scheduled from follow-on schedule check
[2026-05-05T12:34:58.294+0000] {local_task_job_runner.py:222} INFO - ::endgroup::
